Archive member included to satisfy reference by file (symbol)

x:/quartus/18.1/nios2eds/bin/gnu/h-x86_64-mingw32/bin/../lib/gcc/nios2-elf/5.3.0\libgcc.a(lib2-divmod.o)
                              obj/default/i2c/i2c.o (__udivsi3)
x:/quartus/18.1/nios2eds/bin/gnu/h-x86_64-mingw32/bin/../lib/gcc/nios2-elf/5.3.0/../../../../../H-x86_64-mingw32/nios2-elf/lib\libc.a(lib_a-fclose.o)
                              obj/default/hello_world.o (fclose)
x:/quartus/18.1/nios2eds/bin/gnu/h-x86_64-mingw32/bin/../lib/gcc/nios2-elf/5.3.0/../../../../../H-x86_64-mingw32/nios2-elf/lib\libc.a(lib_a-fflush.o)
                              x:/quartus/18.1/nios2eds/bin/gnu/h-x86_64-mingw32/bin/../lib/gcc/nios2-elf/5.3.0/../../../../../H-x86_64-mingw32/nios2-elf/lib\libc.a(lib_a-fclose.o) (__sflush_r)
x:/quartus/18.1/nios2eds/bin/gnu/h-x86_64-mingw32/bin/../lib/gcc/nios2-elf/5.3.0/../../../../../H-x86_64-mingw32/nios2-elf/lib\libc.a(lib_a-findfp.o)
                              x:/quartus/18.1/nios2eds/bin/gnu/h-x86_64-mingw32/bin/../lib/gcc/nios2-elf/5.3.0/../../../../../H-x86_64-mingw32/nios2-elf/lib\libc.a(lib_a-fclose.o) (__sinit)
x:/quartus/18.1/nios2eds/bin/gnu/h-x86_64-mingw32/bin/../lib/gcc/nios2-elf/5.3.0/../../../../../H-x86_64-mingw32/nios2-elf/lib\libc.a(lib_a-fopen.o)
                              obj/default/hello_world.o (fopen)
x:/quartus/18.1/nios2eds/bin/gnu/h-x86_64-mingw32/bin/../lib/gcc/nios2-elf/5.3.0/../../../../../H-x86_64-mingw32/nios2-elf/lib\libc.a(lib_a-fprintf.o)
                              obj/default/hello_world.o (fprintf)
x:/quartus/18.1/nios2eds/bin/gnu/h-x86_64-mingw32/bin/../lib/gcc/nios2-elf/5.3.0/../../../../../H-x86_64-mingw32/nios2-elf/lib\libc.a(lib_a-fputc.o)
                              obj/default/hello_world.o (fputc)
x:/quartus/18.1/nios2eds/bin/gnu/h-x86_64-mingw32/bin/../lib/gcc/nios2-elf/5.3.0/../../../../../H-x86_64-mingw32/nios2-elf/lib\libc.a(lib_a-freer.o)
                              x:/quartus/18.1/nios2eds/bin/gnu/h-x86_64-mingw32/bin/../lib/gcc/nios2-elf/5.3.0/../../../../../H-x86_64-mingw32/nios2-elf/lib\libc.a(lib_a-fclose.o) (_free_r)
x:/quartus/18.1/nios2eds/bin/gnu/h-x86_64-mingw32/bin/../lib/gcc/nios2-elf/5.3.0/../../../../../H-x86_64-mingw32/nios2-elf/lib\libc.a(lib_a-fseek.o)
                              x:/quartus/18.1/nios2eds/bin/gnu/h-x86_64-mingw32/bin/../lib/gcc/nios2-elf/5.3.0/../../../../../H-x86_64-mingw32/nios2-elf/lib\libc.a(lib_a-fopen.o) (_fseek_r)
x:/quartus/18.1/nios2eds/bin/gnu/h-x86_64-mingw32/bin/../lib/gcc/nios2-elf/5.3.0/../../../../../H-x86_64-mingw32/nios2-elf/lib\libc.a(lib_a-fseeko.o)
                              x:/quartus/18.1/nios2eds/bin/gnu/h-x86_64-mingw32/bin/../lib/gcc/nios2-elf/5.3.0/../../../../../H-x86_64-mingw32/nios2-elf/lib\libc.a(lib_a-fseek.o) (_fseeko_r)
x:/quartus/18.1/nios2eds/bin/gnu/h-x86_64-mingw32/bin/../lib/gcc/nios2-elf/5.3.0/../../../../../H-x86_64-mingw32/nios2-elf/lib\libc.a(lib_a-fstatr.o)
                              x:/quartus/18.1/nios2eds/bin/gnu/h-x86_64-mingw32/bin/../lib/gcc/nios2-elf/5.3.0/../../../../../H-x86_64-mingw32/nios2-elf/lib\libc.a(lib_a-fseeko.o) (_fstat_r)
x:/quartus/18.1/nios2eds/bin/gnu/h-x86_64-mingw32/bin/../lib/gcc/nios2-elf/5.3.0/../../../../../H-x86_64-mingw32/nios2-elf/lib\libc.a(lib_a-fwalk.o)
                              x:/quartus/18.1/nios2eds/bin/gnu/h-x86_64-mingw32/bin/../lib/gcc/nios2-elf/5.3.0/../../../../../H-x86_64-mingw32/nios2-elf/lib\libc.a(lib_a-findfp.o) (_fwalk)
x:/quartus/18.1/nios2eds/bin/gnu/h-x86_64-mingw32/bin/../lib/gcc/nios2-elf/5.3.0/../../../../../H-x86_64-mingw32/nios2-elf/lib\libc.a(lib_a-impure.o)
                              x:/quartus/18.1/nios2eds/bin/gnu/h-x86_64-mingw32/bin/../lib/gcc/nios2-elf/5.3.0/../../../../../H-x86_64-mingw32/nios2-elf/lib\libc.a(lib_a-fflush.o) (_global_impure_ptr)
x:/quartus/18.1/nios2eds/bin/gnu/h-x86_64-mingw32/bin/../lib/gcc/nios2-elf/5.3.0/../../../../../H-x86_64-mingw32/nios2-elf/lib\libc.a(lib_a-int_errno.o)
                              x:/quartus/18.1/nios2eds/bin/gnu/h-x86_64-mingw32/bin/../lib/gcc/nios2-elf/5.3.0/../../../../../H-x86_64-mingw32/nios2-elf/lib\libc.a(lib_a-fstatr.o) (errno)
x:/quartus/18.1/nios2eds/bin/gnu/h-x86_64-mingw32/bin/../lib/gcc/nios2-elf/5.3.0/../../../../../H-x86_64-mingw32/nios2-elf/lib\libc.a(lib_a-makebuf.o)
                              x:/quartus/18.1/nios2eds/bin/gnu/h-x86_64-mingw32/bin/../lib/gcc/nios2-elf/5.3.0/../../../../../H-x86_64-mingw32/nios2-elf/lib\libc.a(lib_a-fseeko.o) (__smakebuf_r)
x:/quartus/18.1/nios2eds/bin/gnu/h-x86_64-mingw32/bin/../lib/gcc/nios2-elf/5.3.0/../../../../../H-x86_64-mingw32/nios2-elf/lib\libc.a(lib_a-mallocr.o)
                              x:/quartus/18.1/nios2eds/bin/gnu/h-x86_64-mingw32/bin/../lib/gcc/nios2-elf/5.3.0/../../../../../H-x86_64-mingw32/nios2-elf/lib\libc.a(lib_a-findfp.o) (_malloc_r)
[...]
Memory Configuration

Name             Origin             Length             Attributes
reset            0x0000000010100000 0x0000000000000020
onchip_memory2_0 0x0000000010100020 0x000000000001ffe0
*default*        0x0000000000000000 0xffffffffffffffff

Linker script and memory map

LOAD C:/Users/test/Documents/EPFL/MA1/Embedded/Lab4/lab_4_V2/sw/lab4_cam1_bsp//obj/HAL/src/crt0.o
LOAD obj/default/cmos_sensor_output_generator/cmos_sensor_output_generator.o
LOAD obj/default/hello_world.o
LOAD obj/default/i2c/i2c.o
LOAD x:/quartus/18.1/nios2eds/bin/gnu/h-x86_64-mingw32/bin/../lib/gcc/nios2-elf/5.3.0/../../../../../H-x86_64-mingw32/nios2-elf/lib\libstdc++.a
LOAD x:/quartus/18.1/nios2eds/bin/gnu/h-x86_64-mingw32/bin/../lib/gcc/nios2-elf/5.3.0/../../../../../H-x86_64-mingw32/nios2-elf/lib\libm.a
LOAD x:/quartus/18.1/nios2eds/bin/gnu/h-x86_64-mingw32/bin/../lib/gcc/nios2-elf/5.3.0\libgcc.a
START GROUP
LOAD x:/quartus/18.1/nios2eds/bin/gnu/h-x86_64-mingw32/bin/../lib/gcc/nios2-elf/5.3.0/../../../../../H-x86_64-mingw32/nios2-elf/lib\libc.a
LOAD x:/quartus/18.1/nios2eds/bin/gnu/h-x86_64-mingw32/bin/../lib/gcc/nios2-elf/5.3.0\libgcc.a
LOAD C:/Users/test/Documents/EPFL/MA1/Embedded/Lab4/lab_4_V2/sw/lab4_cam1_bsp/\libhal_bsp.a
LOAD x:/quartus/18.1/nios2eds/bin/gnu/h-x86_64-mingw32/bin/../lib/gcc/nios2-elf/5.3.0/../../../../../H-x86_64-mingw32/nios2-elf/lib\libm.a
END GROUP
LOAD x:/quartus/18.1/nios2eds/bin/gnu/h-x86_64-mingw32/bin/../lib/gcc/nios2-elf/5.3.0\libgcc.a
                0x0000000010100000                __alt_mem_onchip_memory2_0 = 0x10100000

.entry          0x0000000010100000       0x20
 *(.entry)
 .entry         0x0000000010100000       0x20 C:/Users/test/Documents/EPFL/MA1/Embedded/Lab4/lab_4_V2/sw/lab4_cam1_bsp//obj/HAL/src/crt0.o
                0x0000000010100000                __reset

.exceptions     0x0000000010100020      0x224
                0x0000000010100020                PROVIDE (__ram_exceptions_start, ABSOLUTE (.))
                0x0000000010100020                . = ALIGN (0x20)
 *(.irq)
 *(.exceptions.entry.label)
 .exceptions.entry.label
                0x0000000010100020        0x0 C:/Users/test/Documents/EPFL/MA1/Embedded/Lab4/lab_4_V2/sw/lab4_cam1_bsp/\libhal_bsp.a(alt_irq_entry.o)
                0x0000000010100020                alt_irq_entry
 .exceptions.entry.label
                0x0000000010100020        0x0 C:/Users/test/Documents/EPFL/MA1/Embedded/Lab4/lab_4_V2/sw/lab4_cam1_bsp/\libhal_bsp.a(alt_exception_entry.o)
                0x0000000010100020                alt_exception
 *(.exceptions.entry.user)
 *(.exceptions.entry.ecc_fatal)
 *(.exceptions.entry)
 .exceptions.entry
                0x0000000010100020       0x54 C:/Users/test/Documents/EPFL/MA1/Embedded/Lab4/lab_4_V2/sw/lab4_cam1_bsp/\libhal_bsp.a(alt_exception_entry.o)
 *(.exceptions.irqtest.user)
 *(.exceptions.irqtest)
 .exceptions.irqtest
                0x0000000010100074       0x10 C:/Users/test/Documents/EPFL/MA1/Embedded/Lab4/lab_4_V2/sw/lab4_cam1_bsp/\libhal_bsp.a(alt_irq_entry.o)
 *(.exceptions.irqhandler.user)
 *(.exceptions.irqhandler)
 .exceptions.irqhandler
                0x0000000010100084        0x4 C:/Users/test/Documents/EPFL/MA1/Embedded/Lab4/lab_4_V2/sw/lab4_cam1_bsp/\libhal_bsp.a(alt_irq_entry.o)
 *(.exceptions.irqreturn.user)
 *(.exceptions.irqreturn)
 .exceptions.irqreturn
                0x0000000010100088        0x4 C:/Users/test/Documents/EPFL/MA1/Embedded/Lab4/lab_4_V2/sw/lab4_cam1_bsp/\libhal_bsp.a(alt_irq_entry.o)
 *(.exceptions.notirq.label)
 .exceptions.notirq.label
                0x000000001010008c        0x0 C:/Users/test/Documents/EPFL/MA1/Embedded/Lab4/lab_4_V2/sw/lab4_cam1_bsp/\libhal_bsp.a(alt_irq_entry.o)
 *(.exceptions.notirq.user)
 *(.exceptions.notirq)
 .exceptions.notirq
                0x000000001010008c        0x8 C:/Users/test/Documents/EPFL/MA1/Embedded/Lab4/lab_4_V2/sw/lab4_cam1_bsp/\libhal_bsp.a(alt_exception_entry.o)
 *(.exceptions.soft.user)
 *(.exceptions.soft)
 *(.exceptions.unknown.user)
 *(.exceptions.unknown)
 .exceptions.unknown
                0x0000000010100094       0x14 C:/Users/test/Documents/EPFL/MA1/Embedded/Lab4/lab_4_V2/sw/lab4_cam1_bsp/\libhal_bsp.a(alt_exception_entry.o)
 *(.exceptions.exit.label)
 .exceptions.exit.label
                0x00000000101000a8        0x0 C:/Users/test/Documents/EPFL/MA1/Embedded/Lab4/lab_4_V2/sw/lab4_cam1_bsp/\libhal_bsp.a(alt_irq_entry.o)
 .exceptions.exit.label
                0x00000000101000a8        0x0 C:/Users/test/Documents/EPFL/MA1/Embedded/Lab4/lab_4_V2/sw/lab4_cam1_bsp/\libhal_bsp.a(alt_exception_entry.o)
 *(.exceptions.exit.user)
 *(.exceptions.exit)
 .exceptions.exit
                0x00000000101000a8       0x54 C:/Users/test/Documents/EPFL/MA1/Embedded/Lab4/lab_4_V2/sw/lab4_cam1_bsp/\libhal_bsp.a(alt_exception_entry.o)
 *(.exceptions)
 .exceptions    0x00000000101000fc       0xd4 C:/Users/test/Documents/EPFL/MA1/Embedded/Lab4/lab_4_V2/sw/lab4_cam1_bsp/\libhal_bsp.a(alt_irq_handler.o)
                0x00000000101000fc                alt_irq_handler
 .exceptions    0x00000000101001d0       0x74 C:/Users/test/Documents/EPFL/MA1/Embedded/Lab4/lab_4_V2/sw/lab4_cam1_bsp/\libhal_bsp.a(alt_instruction_exception_entry.o)
                0x00000000101001d0                alt_instruction_exception_entry
                0x0000000010100244                PROVIDE (__ram_exceptions_end, ABSOLUTE (.))
                0x0000000010100020                PROVIDE (__flash_exceptions_start, LOADADDR (.exceptions))

.text           0x0000000010100244    0x119cc
                [!provide]                        PROVIDE (stext, ABSOLUTE (.))
 *(.interp)
 *(.hash)
 *(.dynsym)
 *(.dynstr)
 *(.gnu.version)
 *(.gnu.version_d)
 *(.gnu.version_r)
 *(.rel.init)
 *(.rela.init)
 *(.rel.text .rel.text.* .rel.gnu.linkonce.t.*)
 *(.rela.text .rela.text.* .rela.gnu.linkonce.t.*)
 *(.rel.fini)
 *(.rela.fini)
 *(.rel.rodata .rel.rodata.* .rel.gnu.linkonce.r.*)
 *(.rela.rodata .rela.rodata.* .rela.gnu.linkonce.r.*)
 *(.rel.data .rel.data.* .rel.gnu.linkonce.d.*)
 *(.rela.data .rela.data.* .rela.gnu.linkonce.d.*)
 *(.rel.tdata .rel.tdata.* .rel.gnu.linkonce.td.*)
 *(.rela.tdata .rela.tdata.* .rela.gnu.linkonce.td.*)
 *(.rel.tbss .rel.tbss.* .rel.gnu.linkonce.tb.*)
 *(.rela.tbss .rela.tbss.* .rela.gnu.linkonce.tb.*)
 *(.rel.ctors)
 *(.rela.ctors)
 *(.rel.dtors)
 *(.rela.dtors)
 *(.rel.got)
 *(.rela.got)
 *(.rel.sdata .rel.sdata.* .rel.gnu.linkonce.s.*)
 *(.rela.sdata .rela.sdata.* .rela.gnu.linkonce.s.*)
 *(.rel.sbss .rel.sbss.* .rel.gnu.linkonce.sb.*)
 *(.rela.sbss .rela.sbss.* .rela.gnu.linkonce.sb.*)
 *(.rel.sdata2 .rel.sdata2.* .rel.gnu.linkonce.s2.*)
 *(.rela.sdata2 .rela.sdata2.* .rela.gnu.linkonce.s2.*)
 *(.rel.sbss2 .rel.sbss2.* .rel.gnu.linkonce.sb2.*)
 *(.rela.sbss2 .rela.sbss2.* .rela.gnu.linkonce.sb2.*)
 *(.rel.bss .rel.bss.* .rel.gnu.linkonce.b.*)
 *(.rela.bss .rela.bss.* .rela.gnu.linkonce.b.*)
 *(.rel.plt)
 *(.rela.plt)
 *(.rel.dyn)
 *(.init)
 *(.plt)
 *(.text .stub .text.* .gnu.linkonce.t.*)
 .text          0x0000000010100244       0x4c C:/Users/test/Documents/EPFL/MA1/Embedded/Lab4/lab_4_V2/sw/lab4_cam1_bsp//obj/HAL/src/crt0.o
                0x0000000010100244                _start
 .text          0x0000000010100290      0x8b4 obj/default/cmos_sensor_output_generator/cmos_sensor_output_generator.o
                0x00000000101008d8                cmos_sensor_output_generator_inst
                0x0000000010100950                cmos_sensor_output_generator_init
                0x00000000101009cc                cmos_sensor_output_generator_configure
                0x0000000010100ad4                cmos_sensor_output_generator_start
                0x0000000010100b0c                cmos_sensor_output_generator_stop
 .text          0x0000000010100b44      0x70c obj/default/hello_world.o
                0x0000000010100b44                trdb_d5m_write
                0x0000000010100bcc                trdb_d5m_read
                0x0000000010100c6c                main
 .text          0x0000000010101250      0x80c obj/default/i2c/i2c.o
                0x000000001010139c                i2c_inst
                0x00000000101013c8                i2c_init
                0x000000001010142c                i2c_configure
                0x00000000101014ac                i2c_write
                0x00000000101015d8                i2c_read
                0x0000000010101720                i2c_write_array
                0x00000000101018b4                i2c_read_array
 .text          0x0000000010101a5c      0x1b4 x:/quartus/18.1/nios2eds/bin/gnu/h-x86_64-mingw32/bin/../lib/gcc/nios2-elf/5.3.0\libgcc.a(lib2-divmod.o)
                0x0000000010101a5c                __divsi3
                0x0000000010101ae0                __modsi3
                0x0000000010101b54                __udivsi3
                0x0000000010101bb8                __umodsi3
 .text          0x0000000010101c10        0x0 x:/quartus/18.1/nios2eds/bin/gnu/h-x86_64-mingw32/bin/../lib/gcc/nios2-elf/5.3.0/../../../../../H-x86_64-mingw32/nios2-elf/lib\libc.a(lib_a-fclose.o)
 .text._fclose_r
                0x0000000010101c10       0xf0 x:/quartus/18.1/nios2eds/bin/gnu/h-x86_64-mingw32/bin/../lib/gcc/nios2-elf/5.3.0/../../../../../H-x86_64-mingw32/nios2-elf/lib\libc.a(lib_a-fclose.o)
                0x0000000010101c10                _fclose_r
 .text.fclose   0x0000000010101d00       0x14 x:/quartus/18.1/nios2eds/bin/gnu/h-x86_64-mingw32/bin/../lib/gcc/nios2-elf/5.3.0/../../../../../H-x86_64-mingw32/nios2-elf/lib\libc.a(lib_a-fclose.o)
                0x0000000010101d00                fclose
 .text          0x0000000010101d14        0x0 x:/quartus/18.1/nios2eds/bin/gnu/h-x86_64-mingw32/bin/../lib/gcc/nios2-elf/5.3.0/../../../../../H-x86_64-mingw32/nios2-elf/lib\libc.a(lib_a-fflush.o)
 .text.__sflush_r
                0x0000000010101d14      0x21c x:/quartus/18.1/nios2eds/bin/gnu/h-x86_64-mingw32/bin/../lib/gcc/nios2-elf/5.3.0/../../../../../H-x86_64-mingw32/nios2-elf/lib\libc.a(lib_a-fflush.o)
                0x0000000010101d14                __sflush_r
 .text._fflush_r
                0x0000000010101f30       0x5c x:/quartus/18.1/nios2eds/bin/gnu/h-x86_64-mingw32/bin/../lib/gcc/nios2-elf/5.3.0/../../../../../H-x86_64-mingw32/nios2-elf/lib\libc.a(lib_a-fflush.o)
                0x0000000010101f30                _fflush_r
 .text.fflush   0x0000000010101f8c       0x30 x:/quartus/18.1/nios2eds/bin/gnu/h-x86_64-mingw32/bin/../lib/gcc/nios2-elf/5.3.0/../../../../../H-x86_64-mingw32/nios2-elf/lib\libc.a(lib_a-fflush.o)
                0x0000000010101f8c                fflush
 .text          0x0000000010101fbc        0x0 x:/quartus/18.1/nios2eds/bin/gnu/h-x86_64-mingw32/bin/../lib/gcc/nios2-elf/5.3.0/../../../../../H-x86_64-mingw32/nios2-elf/lib\libc.a(lib_a-findfp.o)
 .text.__fp_unlock
                0x0000000010101fbc        0x8 x:/quartus/18.1/nios2eds/bin/gnu/h-x86_64-mingw32/bin/../lib/gcc/nios2-elf/5.3.0/../../../../../H-x86_64-mingw32/nios2-elf/lib\libc.a(lib_a-findfp.o)
 .text._cleanup_r
                0x0000000010101fc4        0xc x:/quartus/18.1/nios2eds/bin/gnu/h-x86_64-mingw32/bin/../lib/gcc/nios2-elf/5.3.0/../../../../../H-x86_64-mingw32/nios2-elf/lib\libc.a(lib_a-findfp.o)
                0x0000000010101fc4                _cleanup_r
 .text.__sinit.part.1
                0x0000000010101fd0      0x19c x:/quartus/18.1/nios2eds/bin/gnu/h-x86_64-mingw32/bin/../lib/gcc/nios2-elf/5.3.0/../../../../../H-x86_64-mingw32/nios2-elf/lib\libc.a(lib_a-findfp.o)
 .text.__fp_lock
                0x000000001010216c        0x8 x:/quartus/18.1/nios2eds/bin/gnu/h-x86_64-mingw32/bin/../lib/gcc/nios2-elf/5.3.0/../../../../../H-x86_64-mingw32/nios2-elf/lib\libc.a(lib_a-findfp.o)
 .text.__sfmoreglue
                0x0000000010102174       0x68 x:/quartus/18.1/nios2eds/bin/gnu/h-x86_64-mingw32/bin/../lib/gcc/nios2-elf/5.3.0/../../../../../H-x86_64-mingw32/nios2-elf/lib\libc.a(lib_a-findfp.o)
                0x0000000010102174                __sfmoreglue
 .text.__sfp    0x00000000101021dc      0x118 x:/quartus/18.1/nios2eds/bin/gnu/h-x86_64-mingw32/bin/../lib/gcc/nios2-elf/5.3.0/../../../../../H-x86_64-mingw32/nios2-elf/lib\libc.a(lib_a-findfp.o)
                0x00000000101021dc                __sfp
 .text._cleanup
                0x00000000101022f4       0x18 x:/quartus/18.1/nios2eds/bin/gnu/h-x86_64-mingw32/bin/../lib/gcc/nios2-elf/5.3.0/../../../../../H-x86_64-mingw32/nios2-elf/lib\libc.a(lib_a-findfp.o)
                0x00000000101022f4                _cleanup
 .text.__sinit  0x000000001010230c       0x10 x:/quartus/18.1/nios2eds/bin/gnu/h-x86_64-mingw32/bin/../lib/gcc/nios2-elf/5.3.0/../../../../../H-x86_64-mingw32/nios2-elf/lib\libc.a(lib_a-findfp.o)
                0x000000001010230c                __sinit
 .text.__sfp_lock_acquire
                0x000000001010231c        0x4 x:/quartus/18.1/nios2eds/bin/gnu/h-x86_64-mingw32/bin/../lib/gcc/nios2-elf/5.3.0/../../../../../H-x86_64-mingw32/nios2-elf/lib\libc.a(lib_a-findfp.o)
                0x000000001010231c                __sfp_lock_acquire
 .text.__sfp_lock_release
                0x0000000010102320        0x4 x:/quartus/18.1/nios2eds/bin/gnu/h-x86_64-mingw32/bin/../lib/gcc/nios2-elf/5.3.0/../../../../../H-x86_64-mingw32/nios2-elf/lib\libc.a(lib_a-findfp.o)
                0x0000000010102320                __sfp_lock_release
 .text.__sinit_lock_acquire
                0x0000000010102324        0x4 x:/quartus/18.1/nios2eds/bin/gnu/h-x86_64-mingw32/bin/../lib/gcc/nios2-elf/5.3.0/../../../../../H-x86_64-mingw32/nios2-elf/lib\libc.a(lib_a-findfp.o)
                0x0000000010102324                __sinit_lock_acquire
 .text.__sinit_lock_release
                0x0000000010102328        0x4 x:/quartus/18.1/nios2eds/bin/gnu/h-x86_64-mingw32/bin/../lib/gcc/nios2-elf/5.3.0/../../../../../H-x86_64-mingw32/nios2-elf/lib\libc.a(lib_a-findfp.o)
                0x0000000010102328                __sinit_lock_release
 .text.__fp_lock_all
                0x000000001010232c       0x18 x:/quartus/18.1/nios2eds/bin/gnu/h-x86_64-mingw32/bin/../lib/gcc/nios2-elf/5.3.0/../../../../../H-x86_64-mingw32/nios2-elf/lib\libc.a(lib_a-findfp.o)
                0x000000001010232c                __fp_lock_all
 .text.__fp_unlock_all
                0x0000000010102344       0x18 x:/quartus/18.1/nios2eds/bin/gnu/h-x86_64-mingw32/bin/../lib/gcc/nios2-elf/5.3.0/../../../../../H-x86_64-mingw32/nios2-elf/lib\libc.a(lib_a-findfp.o)
                0x0000000010102344                __fp_unlock_all
 .text          0x000000001010235c        0x0 x:/quartus/18.1/nios2eds/bin/gnu/h-x86_64-mingw32/bin/../lib/gcc/nios2-elf/5.3.0/../../../../../H-x86_64-mingw32/nios2-elf/lib\libc.a(lib_a-fopen.o)
 .text._fopen_r
                0x000000001010235c       0xf4 x:/quartus/18.1/nios2eds/bin/gnu/h-x86_64-mingw32/bin/../lib/gcc/nios2-elf/5.3.0/../../../../../H-x86_64-mingw32/nios2-elf/lib\libc.a(lib_a-fopen.o)
                0x000000001010235c                _fopen_r
 .text.fopen    0x0000000010102450       0x18 x:/quartus/18.1/nios2eds/bin/gnu/h-x86_64-mingw32/bin/../lib/gcc/nios2-elf/5.3.0/../../../../../H-x86_64-mingw32/nios2-elf/lib\libc.a(lib_a-fopen.o)
                0x0000000010102450                fopen
 .text          0x0000000010102468        0x0 x:/quartus/18.1/nios2eds/bin/gnu/h-x86_64-mingw32/bin/../lib/gcc/nios2-elf/5.3.0/../../../../../H-x86_64-mingw32/nios2-elf/lib\libc.a(lib_a-fprintf.o)
 .text._fprintf_r
                0x0000000010102468       0x28 x:/quartus/18.1/nios2eds/bin/gnu/h-x86_64-mingw32/bin/../lib/gcc/nios2-elf/5.3.0/../../../../../H-x86_64-mingw32/nios2-elf/lib\libc.a(lib_a-fprintf.o)
                0x0000000010102468                _fprintf_r
 .text.fprintf  0x0000000010102490       0x24 x:/quartus/18.1/nios2eds/bin/gnu/h-x86_64-mingw32/bin/../lib/gcc/nios2-elf/5.3.0/../../../../../H-x86_64-mingw32/nios2-elf/lib\libc.a(lib_a-fprintf.o)
                0x0000000010102490                fprintf
 .text          0x00000000101024b4        0x0 x:/quartus/18.1/nios2eds/bin/gnu/h-x86_64-mingw32/bin/../lib/gcc/nios2-elf/5.3.0/../../../../../H-x86_64-mingw32/nios2-elf/lib\libc.a(lib_a-fputc.o)
 .text._fputc_r
                0x00000000101024b4       0x44 x:/quartus/18.1/nios2eds/bin/gnu/h-x86_64-mingw32/bin/../lib/gcc/nios2-elf/5.3.0/../../../../../H-x86_64-mingw32/nios2-elf/lib\libc.a(lib_a-fputc.o)
                0x00000000101024b4                _fputc_r
 .text.fputc    0x00000000101024f8       0x5c x:/quartus/18.1/nios2eds/bin/gnu/h-x86_64-mingw32/bin/../lib/gcc/nios2-elf/5.3.0/../../../../../H-x86_64-mingw32/nios2-elf/lib\libc.a(lib_a-fputc.o)
                0x00000000101024f8                fputc
 .text          0x0000000010102554        0x0 x:/quartus/18.1/nios2eds/bin/gnu/h-x86_64-mingw32/bin/../lib/gcc/nios2-elf/5.3.0/../../../../../H-x86_64-mingw32/nios2-elf/lib\libc.a(lib_a-freer.o)
 .text._malloc_trim_r
                0x0000000010102554      0x124 x:/quartus/18.1/nios2eds/bin/gnu/h-x86_64-mingw32/bin/../lib/gcc/nios2-elf/5.3.0/../../../../../H-x86_64-mingw32/nios2-elf/lib\libc.a(lib_a-freer.o)
                0x0000000010102554                _malloc_trim_r
 .text._free_r  0x0000000010102678      0x310 x:/quartus/18.1/nios2eds/bin/gnu/h-x86_64-mingw32/bin/../lib/gcc/nios2-elf/5.3.0/../../../../../H-x86_64-mingw32/nios2-elf/lib\libc.a(lib_a-freer.o)
                0x0000000010102678                _free_r
 .text          0x0000000010102988        0x0 x:/quartus/18.1/nios2eds/bin/gnu/h-x86_64-mingw32/bin/../lib/gcc/nios2-elf/5.3.0/../../../../../H-x86_64-mingw32/nios2-elf/lib\libc.a(lib_a-fseek.o)
 .text._fseek_r
                0x0000000010102988        0x4 x:/quartus/18.1/nios2eds/bin/gnu/h-x86_64-mingw32/bin/../lib/gcc/nios2-elf/5.3.0/../../../../../H-x86_64-mingw32/nios2-elf/lib\libc.a(lib_a-fseek.o)
                0x0000000010102988                _fseek_r
 .text.fseek    0x000000001010298c       0x1c x:/quartus/18.1/nios2eds/bin/gnu/h-x86_64-mingw32/bin/../lib/gcc/nios2-elf/5.3.0/../../../../../H-x86_64-mingw32/nios2-elf/lib\libc.a(lib_a-fseek.o)
                0x000000001010298c                fseek
 .text          0x00000000101029a8        0x0 x:/quartus/18.1/nios2eds/bin/gnu/h-x86_64-mingw32/bin/../lib/gcc/nios2-elf/5.3.0/../../../../../H-x86_64-mingw32/nios2-elf/lib\libc.a(lib_a-fseeko.o)
 .text._fseeko_r
                0x00000000101029a8      0x444 x:/quartus/18.1/nios2eds/bin/gnu/h-x86_64-mingw32/bin/../lib/gcc/nios2-elf/5.3.0/../../../../../H-x86_64-mingw32/nios2-elf/lib\libc.a(lib_a-fseeko.o)
                0x00000000101029a8                _fseeko_r
 .text.fseeko   0x0000000010102dec       0x1c x:/quartus/18.1/nios2eds/bin/gnu/h-x86_64-mingw32/bin/../lib/gcc/nios2-elf/5.3.0/../../../../../H-x86_64-mingw32/nios2-elf/lib\libc.a(lib_a-fseeko.o)
                0x0000000010102dec                fseeko
 .text          0x0000000010102e08        0x0 x:/quartus/18.1/nios2eds/bin/gnu/h-x86_64-mingw32/bin/../lib/gcc/nios2-elf/5.3.0/../../../../../H-x86_64-mingw32/nios2-elf/lib\libc.a(lib_a-fstatr.o)
 .text._fstat_r
                0x0000000010102e08       0x5c x:/quartus/18.1/nios2eds/bin/gnu/h-x86_64-mingw32/bin/../lib/gcc/nios2-elf/5.3.0/../../../../../H-x86_64-mingw32/nios2-elf/lib\libc.a(lib_a-fstatr.o)
                0x0000000010102e08                _fstat_r
 .text          0x0000000010102e64        0x0 x:/quartus/18.1/nios2eds/bin/gnu/h-x86_64-mingw32/bin/../lib/gcc/nios2-elf/5.3.0/../../../../../H-x86_64-mingw32/nios2-elf/lib\libc.a(lib_a-fwalk.o)
 .text._fwalk   0x0000000010102e64       0xc4 x:/quartus/18.1/nios2eds/bin/gnu/h-x86_64-mingw32/bin/../lib/gcc/nios2-elf/5.3.0/../../../../../H-x86_64-mingw32/nios2-elf/lib\libc.a(lib_a-fwalk.o)
                0x0000000010102e64                _fwalk
 .text._fwalk_reent
                0x0000000010102f28       0xc4 x:/quartus/18.1/nios2eds/bin/gnu/h-x86_64-mingw32/bin/../lib/gcc/nios2-elf/5.3.0/../../../../../H-x86_64-mingw32/nios2-elf/lib\libc.a(lib_a-fwalk.o)
                0x0000000010102f28                _fwalk_reent
 .text          0x0000000010102fec        0x0 x:/quartus/18.1/nios2eds/bin/gnu/h-x86_64-mingw32/bin/../lib/gcc/nios2-elf/5.3.0/../../../../../H-x86_64-mingw32/nios2-elf/lib\libc.a(lib_a-impure.o)
 .text          0x0000000010102fec        0x0 x:/quartus/18.1/nios2eds/bin/gnu/h-x86_64-mingw32/bin/../lib/gcc/nios2-elf/5.3.0/../../../../../H-x86_64-mingw32/nios2-elf/lib\libc.a(lib_a-int_errno.o)
 .text          0x0000000010102fec        0x0 x:/quartus/18.1/nios2eds/bin/gnu/h-x86_64-mingw32/bin/../lib/gcc/nios2-elf/5.3.0/../../../../../H-x86_64-mingw32/nios2-elf/lib\libc.a(lib_a-makebuf.o)
 .text.__smakebuf_r
                0x0000000010102fec      0x1bc x:/quartus/18.1/nios2eds/bin/gnu/h-x86_64-mingw32/bin/../lib/gcc/nios2-elf/5.3.0/../../../../../H-x86_64-mingw32/nios2-elf/lib\libc.a(lib_a-makebuf.o)
                0x0000000010102fec                __smakebuf_r
 .text          0x00000000101031a8        0x0 x:/quartus/18.1/nios2eds/bin/gnu/h-x86_64-mingw32/bin/../lib/gcc/nios2-elf/5.3.0/../../../../../H-x86_64-mingw32/nios2-elf/lib\libc.a(lib_a-mallocr.o)
 .text._malloc_r
                0x00000000101031a8      0x80c x:/quartus/18.1/nios2eds/bin/gnu/h-x86_64-mingw32/bin/../lib/gcc/nios2-elf/5.3.0/../../../../../H-x86_64-mingw32/nios2-elf/lib\libc.a(lib_a-mallocr.o)
                0x00000000101031a8                _malloc_r
 .text          0x00000000101039b4        0x0 x:/quartus/18.1/nios2eds/bin/gnu/h-x86_64-mingw32/bin/../lib/gcc/nios2-elf/5.3.0/../../../../../H-x86_64-mingw32/nios2-elf/lib\libc.a(lib_a-memset.o)
 .text.memset   0x00000000101039b4      0x128 x:/quartus/18.1/nios2eds/bin/gnu/h-x86_64-mingw32/bin/../lib/gcc/nios2-elf/5.3.0/../../../../../H-x86_64-mingw32/nios2-elf/lib\libc.a(lib_a-memset.o)
                0x00000000101039b4                memset
 .text          0x0000000010103adc        0x0 x:/quartus/18.1/nios2eds/bin/gnu/h-x86_64-mingw32/bin/../lib/gcc/nios2-elf/5.3.0/../../../../../H-x86_64-mingw32/nios2-elf/lib\libc.a(lib_a-openr.o)
 .text._open_r  0x0000000010103adc       0x60 x:/quartus/18.1/nios2eds/bin/gnu/h-x86_64-mingw32/bin/../lib/gcc/nios2-elf/5.3.0/../../../../../H-x86_64-mingw32/nios2-elf/lib\libc.a(lib_a-openr.o)
                0x0000000010103adc                _open_r
 .text          0x0000000010103b3c        0x0 x:/quartus/18.1/nios2eds/bin/gnu/h-x86_64-mingw32/bin/../lib/gcc/nios2-elf/5.3.0/../../../../../H-x86_64-mingw32/nios2-elf/lib\libc.a(lib_a-printf.o)
 .text._printf_r
                0x0000000010103b3c       0x30 x:/quartus/18.1/nios2eds/bin/gnu/h-x86_64-mingw32/bin/../lib/gcc/nios2-elf/5.3.0/../../../../../H-x86_64-mingw32/nios2-elf/lib\libc.a(lib_a-printf.o)
                0x0000000010103b3c                _printf_r
 .text.printf   0x0000000010103b6c       0x3c x:/quartus/18.1/nios2eds/bin/gnu/h-x86_64-mingw32/bin/../lib/gcc/nios2-elf/5.3.0/../../../../../H-x86_64-mingw32/nios2-elf/lib\libc.a(lib_a-printf.o)
                0x0000000010103b6c                printf
 .text          0x0000000010103ba8        0x0 x:/quartus/18.1/nios2eds/bin/gnu/h-x86_64-mingw32/bin/../lib/gcc/nios2-elf/5.3.0/../../../../../H-x86_64-mingw32/nios2-elf/lib\libc.a(lib_a-putc.o)
 .text._putc_r  0x0000000010103ba8       0xa0 x:/quartus/18.1/nios2eds/bin/gnu/h-x86_64-mingw32/bin/../lib/gcc/nios2-elf/5.3.0/../../../../../H-x86_64-mingw32/nios2-elf/lib\libc.a(lib_a-putc.o)
                0x0000000010103ba8                _putc_r
 .text.putc     0x0000000010103c48       0xc8 x:/quartus/18.1/nios2eds/bin/gnu/h-x86_64-mingw32/bin/../lib/gcc/nios2-elf/5.3.0/../../../../../H-x86_64-mingw32/nios2-elf/lib\libc.a(lib_a-putc.o)
                0x0000000010103c48                putc
 .text          0x0000000010103d10        0x0 x:/quartus/18.1/nios2eds/bin/gnu/h-x86_64-mingw32/bin/../lib/gcc/nios2-elf/5.3.0/../../../../../H-x86_64-mingw32/nios2-elf/lib\libc.a(lib_a-puts.o)
 .text._puts_r  0x0000000010103d10       0xc0 x:/quartus/18.1/nios2eds/bin/gnu/h-x86_64-mingw32/bin/../lib/gcc/nios2-elf/5.3.0/../../../../../H-x86_64-mingw32/nios2-elf/lib\libc.a(lib_a-puts.o)
                0x0000000010103d10                _puts_r
 .text.puts     0x0000000010103dd0       0x14 x:/quartus/18.1/nios2eds/bin/gnu/h-x86_64-mingw32/bin/../lib/gcc/nios2-elf/5.3.0/../../../../../H-x86_64-mingw32/nios2-elf/lib\libc.a(lib_a-puts.o)
                0x0000000010103dd0                puts
 .text          0x0000000010103de4        0x0 x:/quartus/18.1/nios2eds/bin/gnu/h-x86_64-mingw32/bin/../lib/gcc/nios2-elf/5.3.0/../../../../../H-x86_64-mingw32/nios2-elf/lib\libc.a(lib_a-refill.o)
 .text.lflush   0x0000000010103de4       0x1c x:/quartus/18.1/nios2eds/bin/gnu/h-x86_64-mingw32/bin/../lib/gcc/nios2-elf/5.3.0/../../../../../H-x86_64-mingw32/nios2-elf/lib\libc.a(lib_a-refill.o)
 .text.__srefill_r
                0x0000000010103e00      0x1d4 x:/quartus/18.1/nios2eds/bin/gnu/h-x86_64-mingw32/bin/../lib/gcc/nios2-elf/5.3.0/../../../../../H-x86_64-mingw32/nios2-elf/lib\libc.a(lib_a-refill.o)
                0x0000000010103e00                __srefill_r
 .text          0x0000000010103fd4        0x0 x:/quartus/18.1/nios2eds/bin/gnu/h-x86_64-mingw32/bin/../lib/gcc/nios2-elf/5.3.0/../../../../../H-x86_64-mingw32/nios2-elf/lib\libc.a(lib_a-rewind.o)
 .text._rewind_r
                0x0000000010103fd4       0x38 x:/quartus/18.1/nios2eds/bin/gnu/h-x86_64-mingw32/bin/../lib/gcc/nios2-elf/5.3.0/../../../../../H-x86_64-mingw32/nios2-elf/lib\libc.a(lib_a-rewind.o)
                0x0000000010103fd4                _rewind_r
 .text.rewind   0x000000001010400c       0x48 x:/quartus/18.1/nios2eds/bin/gnu/h-x86_64-mingw32/bin/../lib/gcc/nios2-elf/5.3.0/../../../../../H-x86_64-mingw32/nios2-elf/lib\libc.a(lib_a-rewind.o)
                0x000000001010400c                rewind
 .text          0x0000000010104054        0x0 x:/quartus/18.1/nios2eds/bin/gnu/h-x86_64-mingw32/bin/../lib/gcc/nios2-elf/5.3.0/../../../../../H-x86_64-mingw32/nios2-elf/lib\libc.a(lib_a-sbrkr.o)
 .text._sbrk_r  0x0000000010104054       0x54 x:/quartus/18.1/nios2eds/bin/gnu/h-x86_64-mingw32/bin/../lib/gcc/nios2-elf/5.3.0/../../../../../H-x86_64-mingw32/nios2-elf/lib\libc.a(lib_a-sbrkr.o)
                0x0000000010104054                _sbrk_r
 .text          0x00000000101040a8        0x0 x:/quartus/18.1/nios2eds/bin/gnu/h-x86_64-mingw32/bin/../lib/gcc/nios2-elf/5.3.0/../../../../../H-x86_64-mingw32/nios2-elf/lib\libc.a(lib_a-stdio.o)
 .text.__sread  0x00000000101040a8       0x54 x:/quartus/18.1/nios2eds/bin/gnu/h-x86_64-mingw32/bin/../lib/gcc/nios2-elf/5.3.0/../../../../../H-x86_64-mingw32/nios2-elf/lib\libc.a(lib_a-stdio.o)
                0x00000000101040a8                __sread
 .text.__seofread
                0x00000000101040fc        0x8 x:/quartus/18.1/nios2eds/bin/gnu/h-x86_64-mingw32/bin/../lib/gcc/nios2-elf/5.3.0/../../../../../H-x86_64-mingw32/nios2-elf/lib\libc.a(lib_a-stdio.o)
                0x00000000101040fc                __seofread
 .text.__swrite
                0x0000000010104104       0x7c x:/quartus/18.1/nios2eds/bin/gnu/h-x86_64-mingw32/bin/../lib/gcc/nios2-elf/5.3.0/../../../../../H-x86_64-mingw32/nios2-elf/lib\libc.a(lib_a-stdio.o)
                0x0000000010104104                __swrite
 .text.__sseek  0x0000000010104180       0x5c x:/quartus/18.1/nios2eds/bin/gnu/h-x86_64-mingw32/bin/../lib/gcc/nios2-elf/5.3.0/../../../../../H-x86_64-mingw32/nios2-elf/lib\libc.a(lib_a-stdio.o)
                0x0000000010104180                __sseek
 .text.__sclose
                0x00000000101041dc        0x8 x:/quartus/18.1/nios2eds/bin/gnu/h-x86_64-mingw32/bin/../lib/gcc/nios2-elf/5.3.0/../../../../../H-x86_64-mingw32/nios2-elf/lib\libc.a(lib_a-stdio.o)
                0x00000000101041dc                __sclose
 .text          0x00000000101041e4        0x0 x:/quartus/18.1/nios2eds/bin/gnu/h-x86_64-mingw32/bin/../lib/gcc/nios2-elf/5.3.0/../../../../../H-x86_64-mingw32/nios2-elf/lib\libc.a(lib_a-strlen.o)
 .text.strlen   0x00000000101041e4       0x98 x:/quartus/18.1/nios2eds/bin/gnu/h-x86_64-mingw32/bin/../lib/gcc/nios2-elf/5.3.0/../../../../../H-x86_64-mingw32/nios2-elf/lib\libc.a(lib_a-strlen.o)
                0x00000000101041e4                strlen
 .text          0x000000001010427c        0x0 x:/quartus/18.1/nios2eds/bin/gnu/h-x86_64-mingw32/bin/../lib/gcc/nios2-elf/5.3.0/../../../../../H-x86_64-mingw32/nios2-elf/lib\libc.a(lib_a-vfprintf.o)
 .text.___vfprintf_internal_r
                0x000000001010427c     0x21f8 x:/quartus/18.1/nios2eds/bin/gnu/h-x86_64-mingw32/bin/../lib/gcc/nios2-elf/5.3.0/../../../../../H-x86_64-mingw32/nios2-elf/lib\libc.a(lib_a-vfprintf.o)
                0x000000001010427c                ___vfprintf_internal_r
 .text.__vfprintf_internal
                0x0000000010106474       0x1c x:/quartus/18.1/nios2eds/bin/gnu/h-x86_64-mingw32/bin/../lib/gcc/nios2-elf/5.3.0/../../../../../H-x86_64-mingw32/nios2-elf/lib\libc.a(lib_a-vfprintf.o)
                0x0000000010106474                __vfprintf_internal
 .text.__sbprintf
                0x0000000010106490       0xbc x:/quartus/18.1/nios2eds/bin/gnu/h-x86_64-mingw32/bin/../lib/gcc/nios2-elf/5.3.0/../../../../../H-x86_64-mingw32/nios2-elf/lib\libc.a(lib_a-vfprintf.o)
 .text          0x000000001010654c        0x0 x:/quartus/18.1/nios2eds/bin/gnu/h-x86_64-mingw32/bin/../lib/gcc/nios2-elf/5.3.0/../../../../../H-x86_64-mingw32/nios2-elf/lib\libc.a(lib_a-wbuf.o)
 .text.__swbuf_r
                0x000000001010654c      0x140 x:/quartus/18.1/nios2eds/bin/gnu/h-x86_64-mingw32/bin/../lib/gcc/nios2-elf/5.3.0/../../../../../H-x86_64-mingw32/nios2-elf/lib\libc.a(lib_a-wbuf.o)
                0x000000001010654c                __swbuf_r
 .text.__swbuf  0x000000001010668c       0x18 x:/quartus/18.1/nios2eds/bin/gnu/h-x86_64-mingw32/bin/../lib/gcc/nios2-elf/5.3.0/../../../../../H-x86_64-mingw32/nios2-elf/lib\libc.a(lib_a-wbuf.o)
                0x000000001010668c                __swbuf
 .text          0x00000000101066a4        0x0 x:/quartus/18.1/nios2eds/bin/gnu/h-x86_64-mingw32/bin/../lib/gcc/nios2-elf/5.3.0/../../../../../H-x86_64-mingw32/nios2-elf/lib\libc.a(lib_a-writer.o)
 .text._write_r
                0x00000000101066a4       0x60 x:/quartus/18.1/nios2eds/bin/gnu/h-x86_64-mingw32/bin/../lib/gcc/nios2-elf/5.3.0/../../../../../H-x86_64-mingw32/nios2-elf/lib\libc.a(lib_a-writer.o)
                0x00000000101066a4                _write_r
 .text          0x0000000010106704        0x0 x:/quartus/18.1/nios2eds/bin/gnu/h-x86_64-mingw32/bin/../lib/gcc/nios2-elf/5.3.0/../../../../../H-x86_64-mingw32/nios2-elf/lib\libc.a(lib_a-wsetup.o)
 .text.__swsetup_r
                0x0000000010106704      0x154 x:/quartus/18.1/nios2eds/bin/gnu/h-x86_64-mingw32/bin/../lib/gcc/nios2-elf/5.3.0/../../../../../H-x86_64-mingw32/nios2-elf/lib\libc.a(lib_a-wsetup.o)
                0x0000000010106704                __swsetup_r
 .text          0x0000000010106858        0x0 x:/quartus/18.1/nios2eds/bin/gnu/h-x86_64-mingw32/bin/../lib/gcc/nios2-elf/5.3.0/../../../../../H-x86_64-mingw32/nios2-elf/lib\libc.a(closer.o)
 .text._close_r
                0x0000000010106858       0x54 x:/quartus/18.1/nios2eds/bin/gnu/h-x86_64-mingw32/bin/../lib/gcc/nios2-elf/5.3.0/../../../../../H-x86_64-mingw32/nios2-elf/lib\libc.a(closer.o)
                0x0000000010106858                _close_r
 .text          0x00000000101068ac        0x0 x:/quartus/18.1/nios2eds/bin/gnu/h-x86_64-mingw32/bin/../lib/gcc/nios2-elf/5.3.0/../../../../../H-x86_64-mingw32/nios2-elf/lib\libc.a(lib_a-dtoa.o)
 .text.quorem   0x00000000101068ac      0x200 x:/quartus/18.1/nios2eds/bin/gnu/h-x86_64-mingw32/bin/../lib/gcc/nios2-elf/5.3.0/../../../../../H-x86_64-mingw32/nios2-elf/lib\libc.a(lib_a-dtoa.o)
 .text._dtoa_r  0x0000000010106aac     0x1688 x:/quartus/18.1/nios2eds/bin/gnu/h-x86_64-mingw32/bin/../lib/gcc/nios2-elf/5.3.0/../../../../../H-x86_64-mingw32/nios2-elf/lib\libc.a(lib_a-dtoa.o)
                0x0000000010106aac                _dtoa_r
 .text          0x0000000010108134        0x0 x:/quartus/18.1/nios2eds/bin/gnu/h-x86_64-mingw32/bin/../lib/gcc/nios2-elf/5.3.0/../../../../../H-x86_64-mingw32/nios2-elf/lib\libc.a(lib_a-flags.o)
 .text.__sflags
                0x0000000010108134       0xac x:/quartus/18.1/nios2eds/bin/gnu/h-x86_64-mingw32/bin/../lib/gcc/nios2-elf/5.3.0/../../../../../H-x86_64-mingw32/nios2-elf/lib\libc.a(lib_a-flags.o)
                0x0000000010108134                __sflags
 .text          0x00000000101081e0        0x0 x:/quartus/18.1/nios2eds/bin/gnu/h-x86_64-mingw32/bin/../lib/gcc/nios2-elf/5.3.0/../../../../../H-x86_64-mingw32/nios2-elf/lib\libc.a(lib_a-fvwrite.o)
 .text.__sfvwrite_r
                0x00000000101081e0      0x4bc x:/quartus/18.1/nios2eds/bin/gnu/h-x86_64-mingw32/bin/../lib/gcc/nios2-elf/5.3.0/../../../../../H-x86_64-mingw32/nios2-elf/lib\libc.a(lib_a-fvwrite.o)
                0x00000000101081e0                __sfvwrite_r
 .text          0x000000001010869c        0x0 x:/quartus/18.1/nios2eds/bin/gnu/h-x86_64-mingw32/bin/../lib/gcc/nios2-elf/5.3.0/../../../../../H-x86_64-mingw32/nios2-elf/lib\libc.a(lib_a-isattyr.o)
 .text._isatty_r
                0x000000001010869c       0x54 x:/quartus/18.1/nios2eds/bin/gnu/h-x86_64-mingw32/bin/../lib/gcc/nios2-elf/5.3.0/../../../../../H-x86_64-mingw32/nios2-elf/lib\libc.a(lib_a-isattyr.o)
                0x000000001010869c                _isatty_r
 .text          0x00000000101086f0        0x0 x:/quartus/18.1/nios2eds/bin/gnu/h-x86_64-mingw32/bin/../lib/gcc/nios2-elf/5.3.0/../../../../../H-x86_64-mingw32/nios2-elf/lib\libc.a(lib_a-locale.o)
 .text._setlocale_r
                0x00000000101086f0       0x7c x:/quartus/18.1/nios2eds/bin/gnu/h-x86_64-mingw32/bin/../lib/gcc/nios2-elf/5.3.0/../../../../../H-x86_64-mingw32/nios2-elf/lib\libc.a(lib_a-locale.o)
                0x00000000101086f0                _setlocale_r
 .text.__locale_charset
                0x000000001010876c        0xc x:/quartus/18.1/nios2eds/bin/gnu/h-x86_64-mingw32/bin/../lib/gcc/nios2-elf/5.3.0/../../../../../H-x86_64-mingw32/nios2-elf/lib\libc.a(lib_a-locale.o)
                0x000000001010876c                __locale_charset
 .text.__locale_mb_cur_max
                0x0000000010108778       0x10 x:/quartus/18.1/nios2eds/bin/gnu/h-x86_64-mingw32/bin/../lib/gcc/nios2-elf/5.3.0/../../../../../H-x86_64-mingw32/nios2-elf/lib\libc.a(lib_a-locale.o)
                0x0000000010108778                __locale_mb_cur_max
 .text.__locale_msgcharset
                0x0000000010108788        0xc x:/quartus/18.1/nios2eds/bin/gnu/h-x86_64-mingw32/bin/../lib/gcc/nios2-elf/5.3.0/../../../../../H-x86_64-mingw32/nios2-elf/lib\libc.a(lib_a-locale.o)
                0x0000000010108788                __locale_msgcharset
 .text.__locale_cjk_lang
                0x0000000010108794        0x8 x:/quartus/18.1/nios2eds/bin/gnu/h-x86_64-mingw32/bin/../lib/gcc/nios2-elf/5.3.0/../../../../../H-x86_64-mingw32/nios2-elf/lib\libc.a(lib_a-locale.o)
                0x0000000010108794                __locale_cjk_lang
 .text._localeconv_r
                0x000000001010879c        0xc x:/quartus/18.1/nios2eds/bin/gnu/h-x86_64-mingw32/bin/../lib/gcc/nios2-elf/5.3.0/../../../../../H-x86_64-mingw32/nios2-elf/lib\libc.a(lib_a-locale.o)
                0x000000001010879c                _localeconv_r
 .text.setlocale
                0x00000000101087a8       0x18 x:/quartus/18.1/nios2eds/bin/gnu/h-x86_64-mingw32/bin/../lib/gcc/nios2-elf/5.3.0/../../../../../H-x86_64-mingw32/nios2-elf/lib\libc.a(lib_a-locale.o)
                0x00000000101087a8                setlocale
 .text.localeconv
                0x00000000101087c0        0xc x:/quartus/18.1/nios2eds/bin/gnu/h-x86_64-mingw32/bin/../lib/gcc/nios2-elf/5.3.0/../../../../../H-x86_64-mingw32/nios2-elf/lib\libc.a(lib_a-locale.o)
                0x00000000101087c0                localeconv
 .text          0x00000000101087cc        0x0 x:/quartus/18.1/nios2eds/bin/gnu/h-x86_64-mingw32/bin/../lib/gcc/nios2-elf/5.3.0/../../../../../H-x86_64-mingw32/nios2-elf/lib\libc.a(lib_a-lseekr.o)
 .text._lseek_r
                0x00000000101087cc       0x60 x:/quartus/18.1/nios2eds/bin/gnu/h-x86_64-mingw32/bin/../lib/gcc/nios2-elf/5.3.0/../../../../../H-x86_64-mingw32/nios2-elf/lib\libc.a(lib_a-lseekr.o)
                0x00000000101087cc                _lseek_r
 .text          0x000000001010882c        0x0 x:/quartus/18.1/nios2eds/bin/gnu/h-x86_64-mingw32/bin/../lib/gcc/nios2-elf/5.3.0/../../../../../H-x86_64-mingw32/nios2-elf/lib\libc.a(lib_a-memchr.o)
 .text.memchr   0x000000001010882c       0xe4 x:/quartus/18.1/nios2eds/bin/gnu/h-x86_64-mingw32/bin/../lib/gcc/nios2-elf/5.3.0/../../../../../H-x86_64-mingw32/nios2-elf/lib\libc.a(lib_a-memchr.o)
                0x000000001010882c                memchr
 .text          0x0000000010108910        0x0 x:/quartus/18.1/nios2eds/bin/gnu/h-x86_64-mingw32/bin/../lib/gcc/nios2-elf/5.3.0/../../../../../H-x86_64-mingw32/nios2-elf/lib\libc.a(lib_a-memcpy.o)
 .text.memcpy   0x0000000010108910      0x148 x:/quartus/18.1/nios2eds/bin/gnu/h-x86_64-mingw32/bin/../lib/gcc/nios2-elf/5.3.0/../../../../../H-x86_64-mingw32/nios2-elf/lib\libc.a(lib_a-memcpy.o)
                0x0000000010108910                memcpy
 .text          0x0000000010108a58        0x0 x:/quartus/18.1/nios2eds/bin/gnu/h-x86_64-mingw32/bin/../lib/gcc/nios2-elf/5.3.0/../../../../../H-x86_64-mingw32/nios2-elf/lib\libc.a(lib_a-memmove.o)
 .text.memmove  0x0000000010108a58      0x15c x:/quartus/18.1/nios2eds/bin/gnu/h-x86_64-mingw32/bin/../lib/gcc/nios2-elf/5.3.0/../../../../../H-x86_64-mingw32/nios2-elf/lib\libc.a(lib_a-memmove.o)
                0x0000000010108a58                memmove
 .text          0x0000000010108bb4        0x0 x:/quartus/18.1/nios2eds/bin/gnu/h-x86_64-mingw32/bin/../lib/gcc/nios2-elf/5.3.0/../../../../../H-x86_64-mingw32/nios2-elf/lib\libc.a(lib_a-mprec.o)
 .text._Balloc  0x0000000010108bb4       0xa8 x:/quartus/18.1/nios2eds/bin/gnu/h-x86_64-mingw32/bin/../lib/gcc/nios2-elf/5.3.0/../../../../../H-x86_64-mingw32/nios2-elf/lib\libc.a(lib_a-mprec.o)
                0x0000000010108bb4                _Balloc
 .text._Bfree   0x0000000010108c5c       0x28 x:/quartus/18.1/nios2eds/bin/gnu/h-x86_64-mingw32/bin/../lib/gcc/nios2-elf/5.3.0/../../../../../H-x86_64-mingw32/nios2-elf/lib\libc.a(lib_a-mprec.o)
                0x0000000010108c5c                _Bfree
 .text.__multadd
                0x0000000010108c84      0x120 x:/quartus/18.1/nios2eds/bin/gnu/h-x86_64-mingw32/bin/../lib/gcc/nios2-elf/5.3.0/../../../../../H-x86_64-mingw32/nios2-elf/lib\libc.a(lib_a-mprec.o)
                0x0000000010108c84                __multadd
 .text.__s2b    0x0000000010108da4      0x104 x:/quartus/18.1/nios2eds/bin/gnu/h-x86_64-mingw32/bin/../lib/gcc/nios2-elf/5.3.0/../../../../../H-x86_64-mingw32/nios2-elf/lib\libc.a(lib_a-mprec.o)
                0x0000000010108da4                __s2b
 .text.__hi0bits
                0x0000000010108ea8       0x68 x:/quartus/18.1/nios2eds/bin/gnu/h-x86_64-mingw32/bin/../lib/gcc/nios2-elf/5.3.0/../../../../../H-x86_64-mingw32/nios2-elf/lib\libc.a(lib_a-mprec.o)
                0x0000000010108ea8                __hi0bits
 .text.__lo0bits
                0x0000000010108f10       0xb0 x:/quartus/18.1/nios2eds/bin/gnu/h-x86_64-mingw32/bin/../lib/gcc/nios2-elf/5.3.0/../../../../../H-x86_64-mingw32/nios2-elf/lib\libc.a(lib_a-mprec.o)
                0x0000000010108f10                __lo0bits
 .text.__i2b    0x0000000010108fc0       0x3c x:/quartus/18.1/nios2eds/bin/gnu/h-x86_64-mingw32/bin/../lib/gcc/nios2-elf/5.3.0/../../../../../H-x86_64-mingw32/nios2-elf/lib\libc.a(lib_a-mprec.o)
                0x0000000010108fc0                __i2b
 .text.__multiply
                0x0000000010108ffc      0x1f8 x:/quartus/18.1/nios2eds/bin/gnu/h-x86_64-mingw32/bin/../lib/gcc/nios2-elf/5.3.0/../../../../../H-x86_64-mingw32/nios2-elf/lib\libc.a(lib_a-mprec.o)
                0x0000000010108ffc                __multiply
 .text.__pow5mult
                0x00000000101091f4      0x140 x:/quartus/18.1/nios2eds/bin/gnu/h-x86_64-mingw32/bin/../lib/gcc/nios2-elf/5.3.0/../../../../../H-x86_64-mingw32/nios2-elf/lib\libc.a(lib_a-mprec.o)
                0x00000000101091f4                __pow5mult
 .text.__lshift
                0x0000000010109334      0x148 x:/quartus/18.1/nios2eds/bin/gnu/h-x86_64-mingw32/bin/../lib/gcc/nios2-elf/5.3.0/../../../../../H-x86_64-mingw32/nios2-elf/lib\libc.a(lib_a-mprec.o)
                0x0000000010109334                __lshift
 .text.__mcmp   0x000000001010947c       0x60 x:/quartus/18.1/nios2eds/bin/gnu/h-x86_64-mingw32/bin/../lib/gcc/nios2-elf/5.3.0/../../../../../H-x86_64-mingw32/nios2-elf/lib\libc.a(lib_a-mprec.o)
                0x000000001010947c                __mcmp
 .text.__mdiff  0x00000000101094dc      0x1fc x:/quartus/18.1/nios2eds/bin/gnu/h-x86_64-mingw32/bin/../lib/gcc/nios2-elf/5.3.0/../../../../../H-x86_64-mingw32/nios2-elf/lib\libc.a(lib_a-mprec.o)
                0x00000000101094dc                __mdiff
 .text.__ulp    0x00000000101096d8       0x64 x:/quartus/18.1/nios2eds/bin/gnu/h-x86_64-mingw32/bin/../lib/gcc/nios2-elf/5.3.0/../../../../../H-x86_64-mingw32/nios2-elf/lib\libc.a(lib_a-mprec.o)
                0x00000000101096d8                __ulp
 .text.__b2d    0x000000001010973c      0x10c x:/quartus/18.1/nios2eds/bin/gnu/h-x86_64-mingw32/bin/../lib/gcc/nios2-elf/5.3.0/../../../../../H-x86_64-mingw32/nios2-elf/lib\libc.a(lib_a-mprec.o)
                0x000000001010973c                __b2d
 .text.__d2b    0x0000000010109848      0x14c x:/quartus/18.1/nios2eds/bin/gnu/h-x86_64-mingw32/bin/../lib/gcc/nios2-elf/5.3.0/../../../../../H-x86_64-mingw32/nios2-elf/lib\libc.a(lib_a-mprec.o)
                0x0000000010109848                __d2b
 .text.__ratio  0x0000000010109994       0xa4 x:/quartus/18.1/nios2eds/bin/gnu/h-x86_64-mingw32/bin/../lib/gcc/nios2-elf/5.3.0/../../../../../H-x86_64-mingw32/nios2-elf/lib\libc.a(lib_a-mprec.o)
                0x0000000010109994                __ratio
 .text._mprec_log10
                0x0000000010109a38       0x74 x:/quartus/18.1/nios2eds/bin/gnu/h-x86_64-mingw32/bin/../lib/gcc/nios2-elf/5.3.0/../../../../../H-x86_64-mingw32/nios2-elf/lib\libc.a(lib_a-mprec.o)
                0x0000000010109a38                _mprec_log10
 .text.__copybits
                0x0000000010109aac       0x78 x:/quartus/18.1/nios2eds/bin/gnu/h-x86_64-mingw32/bin/../lib/gcc/nios2-elf/5.3.0/../../../../../H-x86_64-mingw32/nios2-elf/lib\libc.a(lib_a-mprec.o)
                0x0000000010109aac                __copybits
 .text.__any_on
                0x0000000010109b24       0x8c x:/quartus/18.1/nios2eds/bin/gnu/h-x86_64-mingw32/bin/../lib/gcc/nios2-elf/5.3.0/../../../../../H-x86_64-mingw32/nios2-elf/lib\libc.a(lib_a-mprec.o)
                0x0000000010109b24                __any_on
 .text          0x0000000010109bb0        0x0 x:/quartus/18.1/nios2eds/bin/gnu/h-x86_64-mingw32/bin/../lib/gcc/nios2-elf/5.3.0/../../../../../H-x86_64-mingw32/nios2-elf/lib\libc.a(lib_a-readr.o)
 .text._read_r  0x0000000010109bb0       0x60 x:/quartus/18.1/nios2eds/bin/gnu/h-x86_64-mingw32/bin/../lib/gcc/nios2-elf/5.3.0/../../../../../H-x86_64-mingw32/nios2-elf/lib\libc.a(lib_a-readr.o)
                0x0000000010109bb0                _read_r
 .text          0x0000000010109c10        0x0 x:/quartus/18.1/nios2eds/bin/gnu/h-x86_64-mingw32/bin/../lib/gcc/nios2-elf/5.3.0/../../../../../H-x86_64-mingw32/nios2-elf/lib\libc.a(lib_a-reallocr.o)
 .text._realloc_r
                0x0000000010109c10      0x564 x:/quartus/18.1/nios2eds/bin/gnu/h-x86_64-mingw32/bin/../lib/gcc/nios2-elf/5.3.0/../../../../../H-x86_64-mingw32/nios2-elf/lib\libc.a(lib_a-reallocr.o)
                0x0000000010109c10                _realloc_r
 .text          0x000000001010a174        0x0 x:/quartus/18.1/nios2eds/bin/gnu/h-x86_64-mingw32/bin/../lib/gcc/nios2-elf/5.3.0/../../../../../H-x86_64-mingw32/nios2-elf/lib\libc.a(lib_a-s_fpclassify.o)
 .text.__fpclassifyd
                0x000000001010a174       0x74 x:/quartus/18.1/nios2eds/bin/gnu/h-x86_64-mingw32/bin/../lib/gcc/nios2-elf/5.3.0/../../../../../H-x86_64-mingw32/nios2-elf/lib\libc.a(lib_a-s_fpclassify.o)
                0x000000001010a174                __fpclassifyd
 .text          0x000000001010a1e8        0x0 x:/quartus/18.1/nios2eds/bin/gnu/h-x86_64-mingw32/bin/../lib/gcc/nios2-elf/5.3.0/../../../../../H-x86_64-mingw32/nios2-elf/lib\libc.a(lib_a-strcmp.o)
 .text.strcmp   0x000000001010a1e8       0xdc x:/quartus/18.1/nios2eds/bin/gnu/h-x86_64-mingw32/bin/../lib/gcc/nios2-elf/5.3.0/../../../../../H-x86_64-mingw32/nios2-elf/lib\libc.a(lib_a-strcmp.o)
                0x000000001010a1e8                strcmp
 .text          0x000000001010a2c4        0x0 x:/quartus/18.1/nios2eds/bin/gnu/h-x86_64-mingw32/bin/../lib/gcc/nios2-elf/5.3.0/../../../../../H-x86_64-mingw32/nios2-elf/lib\libc.a(lib_a-vfiprintf.o)
 .text.__sprint_r.part.0
                0x000000001010a2c4       0xfc x:/quartus/18.1/nios2eds/bin/gnu/h-x86_64-mingw32/bin/../lib/gcc/nios2-elf/5.3.0/../../../../../H-x86_64-mingw32/nios2-elf/lib\libc.a(lib_a-vfiprintf.o)
 .text.__sprint_r
                0x000000001010a3c0       0x18 x:/quartus/18.1/nios2eds/bin/gnu/h-x86_64-mingw32/bin/../lib/gcc/nios2-elf/5.3.0/../../../../../H-x86_64-mingw32/nios2-elf/lib\libc.a(lib_a-vfiprintf.o)
                0x000000001010a3c0                __sprint_r
 .text.___vfiprintf_internal_r
                0x000000001010a3d8     0x145c x:/quartus/18.1/nios2eds/bin/gnu/h-x86_64-mingw32/bin/../lib/gcc/nios2-elf/5.3.0/../../../../../H-x86_64-mingw32/nios2-elf/lib\libc.a(lib_a-vfiprintf.o)
                0x000000001010a3d8                ___vfiprintf_internal_r
 .text.__vfiprintf_internal
                0x000000001010b834       0x1c x:/quartus/18.1/nios2eds/bin/gnu/h-x86_64-mingw32/bin/../lib/gcc/nios2-elf/5.3.0/../../../../../H-x86_64-mingw32/nios2-elf/lib\libc.a(lib_a-vfiprintf.o)
                0x000000001010b834                __vfiprintf_internal
 .text.__sbprintf
                0x000000001010b850       0xbc x:/quartus/18.1/nios2eds/bin/gnu/h-x86_64-mingw32/bin/../lib/gcc/nios2-elf/5.3.0/../../../../../H-x86_64-mingw32/nios2-elf/lib\libc.a(lib_a-vfiprintf.o)
 .text          0x000000001010b90c        0x0 x:/quartus/18.1/nios2eds/bin/gnu/h-x86_64-mingw32/bin/../lib/gcc/nios2-elf/5.3.0/../../../../../H-x86_64-mingw32/nios2-elf/lib\libc.a(lib_a-callocr.o)
 .text._calloc_r
                0x000000001010b90c       0xc4 x:/quartus/18.1/nios2eds/bin/gnu/h-x86_64-mingw32/bin/../lib/gcc/nios2-elf/5.3.0/../../../../../H-x86_64-mingw32/nios2-elf/lib\libc.a(lib_a-callocr.o)
                0x000000001010b90c                _calloc_r
 .text          0x000000001010b9d0        0x0 x:/quartus/18.1/nios2eds/bin/gnu/h-x86_64-mingw32/bin/../lib/gcc/nios2-elf/5.3.0/../../../../../H-x86_64-mingw32/nios2-elf/lib\libc.a(lib_a-fputwc.o)
 .text.__fputwc
                0x000000001010b9d0      0x164 x:/quartus/18.1/nios2eds/bin/gnu/h-x86_64-mingw32/bin/../lib/gcc/nios2-elf/5.3.0/../../../../../H-x86_64-mingw32/nios2-elf/lib\libc.a(lib_a-fputwc.o)
                0x000000001010b9d0                __fputwc
 .text._fputwc_r
                0x000000001010bb34       0x24 x:/quartus/18.1/nios2eds/bin/gnu/h-x86_64-mingw32/bin/../lib/gcc/nios2-elf/5.3.0/../../../../../H-x86_64-mingw32/nios2-elf/lib\libc.a(lib_a-fputwc.o)
                0x000000001010bb34                _fputwc_r
 .text.fputwc   0x000000001010bb58       0x80 x:/quartus/18.1/nios2eds/bin/gnu/h-x86_64-mingw32/bin/../lib/gcc/nios2-elf/5.3.0/../../../../../H-x86_64-mingw32/nios2-elf/lib\libc.a(lib_a-fputwc.o)
                0x000000001010bb58                fputwc
 .text          0x000000001010bbd8        0x0 x:/quartus/18.1/nios2eds/bin/gnu/h-x86_64-mingw32/bin/../lib/gcc/nios2-elf/5.3.0/../../../../../H-x86_64-mingw32/nios2-elf/lib\libc.a(lib_a-wcrtomb.o)
 .text._wcrtomb_r
                0x000000001010bbd8       0x9c x:/quartus/18.1/nios2eds/bin/gnu/h-x86_64-mingw32/bin/../lib/gcc/nios2-elf/5.3.0/../../../../../H-x86_64-mingw32/nios2-elf/lib\libc.a(lib_a-wcrtomb.o)
                0x000000001010bbd8                _wcrtomb_r
 .text.wcrtomb  0x000000001010bc74       0xc0 x:/quartus/18.1/nios2eds/bin/gnu/h-x86_64-mingw32/bin/../lib/gcc/nios2-elf/5.3.0/../../../../../H-x86_64-mingw32/nios2-elf/lib\libc.a(lib_a-wcrtomb.o)
                0x000000001010bc74                wcrtomb
 .text          0x000000001010bd34        0x0 x:/quartus/18.1/nios2eds/bin/gnu/h-x86_64-mingw32/bin/../lib/gcc/nios2-elf/5.3.0/../../../../../H-x86_64-mingw32/nios2-elf/lib\libc.a(lib_a-wctomb_r.o)
 .text.__ascii_wctomb
                0x000000001010bd34       0x30 x:/quartus/18.1/nios2eds/bin/gnu/h-x86_64-mingw32/bin/../lib/gcc/nios2-elf/5.3.0/../../../../../H-x86_64-mingw32/nios2-elf/lib\libc.a(lib_a-wctomb_r.o)
                0x000000001010bd34                __ascii_wctomb
 .text._wctomb_r
                0x000000001010bd64       0x5c x:/quartus/18.1/nios2eds/bin/gnu/h-x86_64-mingw32/bin/../lib/gcc/nios2-elf/5.3.0/../../../../../H-x86_64-mingw32/nios2-elf/lib\libc.a(lib_a-wctomb_r.o)
                0x000000001010bd64                _wctomb_r
 .text          0x000000001010bdc0      0x578 x:/quartus/18.1/nios2eds/bin/gnu/h-x86_64-mingw32/bin/../lib/gcc/nios2-elf/5.3.0\libgcc.a(_udivdi3.o)
                0x000000001010bdc0                __udivdi3
 .text          0x000000001010c338      0x538 x:/quartus/18.1/nios2eds/bin/gnu/h-x86_64-mingw32/bin/../lib/gcc/nios2-elf/5.3.0\libgcc.a(_umoddi3.o)
                0x000000001010c338                __umoddi3
 .text          0x000000001010c870      0x8ac x:/quartus/18.1/nios2eds/bin/gnu/h-x86_64-mingw32/bin/../lib/gcc/nios2-elf/5.3.0\libgcc.a(adddf3.o)
                0x000000001010c870                __adddf3
 .text          0x000000001010d11c      0x8e8 x:/quartus/18.1/nios2eds/bin/gnu/h-x86_64-mingw32/bin/../lib/gcc/nios2-elf/5.3.0\libgcc.a(divdf3.o)
                0x000000001010d11c                __divdf3
 .text          0x000000001010da04       0x88 x:/quartus/18.1/nios2eds/bin/gnu/h-x86_64-mingw32/bin/../lib/gcc/nios2-elf/5.3.0\libgcc.a(eqdf2.o)
                0x000000001010da04                __nedf2
                0x000000001010da04                __eqdf2
 .text          0x000000001010da8c       0xdc x:/quartus/18.1/nios2eds/bin/gnu/h-x86_64-mingw32/bin/../lib/gcc/nios2-elf/5.3.0\libgcc.a(gedf2.o)
                0x000000001010da8c                __gedf2
                0x000000001010da8c                __gtdf2
 .text          0x000000001010db68       0xf4 x:/quartus/18.1/nios2eds/bin/gnu/h-x86_64-mingw32/bin/../lib/gcc/nios2-elf/5.3.0\libgcc.a(ledf2.o)
                0x000000001010db68                __ledf2
                0x000000001010db68                __ltdf2
 .text          0x000000001010dc5c      0x718 x:/quartus/18.1/nios2eds/bin/gnu/h-x86_64-mingw32/bin/../lib/gcc/nios2-elf/5.3.0\libgcc.a(muldf3.o)
                0x000000001010dc5c                __muldf3
 .text          0x000000001010e374      0x8fc x:/quartus/18.1/nios2eds/bin/gnu/h-x86_64-mingw32/bin/../lib/gcc/nios2-elf/5.3.0\libgcc.a(subdf3.o)
                0x000000001010e374                __subdf3
 .text          0x000000001010ec70       0x80 x:/quartus/18.1/nios2eds/bin/gnu/h-x86_64-mingw32/bin/../lib/gcc/nios2-elf/5.3.0\libgcc.a(fixdfsi.o)
                0x000000001010ec70                __fixdfsi
 .text          0x000000001010ecf0       0xdc x:/quartus/18.1/nios2eds/bin/gnu/h-x86_64-mingw32/bin/../lib/gcc/nios2-elf/5.3.0\libgcc.a(floatsidf.o)
                0x000000001010ecf0                __floatsidf
 .text          0x000000001010edcc       0xa8 x:/quartus/18.1/nios2eds/bin/gnu/h-x86_64-mingw32/bin/../lib/gcc/nios2-elf/5.3.0\libgcc.a(floatunsidf.o)
                0x000000001010edcc                __floatunsidf
 .text          0x000000001010ee74        0x0 x:/quartus/18.1/nios2eds/bin/gnu/h-x86_64-mingw32/bin/../lib/gcc/nios2-elf/5.3.0\libgcc.a(_clz.o)
 .text          0x000000001010ee74       0x64 x:/quartus/18.1/nios2eds/bin/gnu/h-x86_64-mingw32/bin/../lib/gcc/nios2-elf/5.3.0\libgcc.a(_clzsi2.o)
                0x000000001010ee74                __clzsi2
 .text          0x000000001010eed8      0x10c C:/Users/test/Documents/EPFL/MA1/Embedded/Lab4/lab_4_V2/sw/lab4_cam1_bsp/\libhal_bsp.a(alt_close.o)
                0x000000001010ef14                close
 .text          0x000000001010efe4       0x2c C:/Users/test/Documents/EPFL/MA1/Embedded/Lab4/lab_4_V2/sw/lab4_cam1_bsp/\libhal_bsp.a(alt_dev.o)
 .text          0x000000001010f010        0x0 C:/Users/test/Documents/EPFL/MA1/Embedded/Lab4/lab_4_V2/sw/lab4_cam1_bsp/\libhal_bsp.a(alt_errno.o)
 .text          0x000000001010f010       0xec C:/Users/test/Documents/EPFL/MA1/Embedded/Lab4/lab_4_V2/sw/lab4_cam1_bsp/\libhal_bsp.a(alt_fstat.o)
                0x000000001010f04c                fstat
 .text          0x000000001010f0fc       0xe0 C:/Users/test/Documents/EPFL/MA1/Embedded/Lab4/lab_4_V2/sw/lab4_cam1_bsp/\libhal_bsp.a(alt_isatty.o)
                0x000000001010f138                isatty
 .text          0x000000001010f1dc       0xec C:/Users/test/Documents/EPFL/MA1/Embedded/Lab4/lab_4_V2/sw/lab4_cam1_bsp/\libhal_bsp.a(alt_load.o)
                0x000000001010f244                alt_load
 .text          0x000000001010f2c8      0x110 C:/Users/test/Documents/EPFL/MA1/Embedded/Lab4/lab_4_V2/sw/lab4_cam1_bsp/\libhal_bsp.a(alt_lseek.o)
                0x000000001010f304                lseek
 .text          0x000000001010f3d8       0x7c C:/Users/test/Documents/EPFL/MA1/Embedded/Lab4/lab_4_V2/sw/lab4_cam1_bsp/\libhal_bsp.a(alt_main.o)
                0x000000001010f3d8                alt_main
 .text          0x000000001010f454       0x48 C:/Users/test/Documents/EPFL/MA1/Embedded/Lab4/lab_4_V2/sw/lab4_cam1_bsp/\libhal_bsp.a(alt_malloc_lock.o)
                0x000000001010f454                __malloc_lock
                0x000000001010f478                __malloc_unlock
 .text          0x000000001010f49c      0x254 C:/Users/test/Documents/EPFL/MA1/Embedded/Lab4/lab_4_V2/sw/lab4_cam1_bsp/\libhal_bsp.a(alt_open.o)
                0x000000001010f59c                open
 .text          0x000000001010f6f0      0x138 C:/Users/test/Documents/EPFL/MA1/Embedded/Lab4/lab_4_V2/sw/lab4_cam1_bsp/\libhal_bsp.a(alt_read.o)
                0x000000001010f72c                read
 .text          0x000000001010f828       0x64 C:/Users/test/Documents/EPFL/MA1/Embedded/Lab4/lab_4_V2/sw/lab4_cam1_bsp/\libhal_bsp.a(alt_release_fd.o)
                0x000000001010f828                alt_release_fd
 .text          0x000000001010f88c       0xb0 C:/Users/test/Documents/EPFL/MA1/Embedded/Lab4/lab_4_V2/sw/lab4_cam1_bsp/\libhal_bsp.a(alt_sbrk.o)
                0x000000001010f88c                sbrk
 .text          0x000000001010f93c       0x30 C:/Users/test/Documents/EPFL/MA1/Embedded/Lab4/lab_4_V2/sw/lab4_cam1_bsp/\libhal_bsp.a(alt_usleep.o)
                0x000000001010f93c                usleep
 .text          0x000000001010f96c      0x134 C:/Users/test/Documents/EPFL/MA1/Embedded/Lab4/lab_4_V2/sw/lab4_cam1_bsp/\libhal_bsp.a(alt_write.o)
                0x000000001010f9a8                write
 .text          0x000000001010faa0       0xc0 C:/Users/test/Documents/EPFL/MA1/Embedded/Lab4/lab_4_V2/sw/lab4_cam1_bsp/\libhal_bsp.a(alt_sys_init.o)
                0x000000001010fad4                alt_irq_init
                0x000000001010fb0c                alt_sys_init
 .text          0x000000001010fb60      0x164 C:/Users/test/Documents/EPFL/MA1/Embedded/Lab4/lab_4_V2/sw/lab4_cam1_bsp/\libhal_bsp.a(altera_avalon_jtag_uart_fd.o)
                0x000000001010fb60                altera_avalon_jtag_uart_read_fd
                0x000000001010fbc0                altera_avalon_jtag_uart_write_fd
                0x000000001010fc20                altera_avalon_jtag_uart_close_fd
                0x000000001010fc70                altera_avalon_jtag_uart_ioctl_fd
 .text          0x000000001010fcc4      0x3d4 C:/Users/test/Documents/EPFL/MA1/Embedded/Lab4/lab_4_V2/sw/lab4_cam1_bsp/\libhal_bsp.a(altera_avalon_jtag_uart_init.o)
                0x000000001010fcc4                altera_avalon_jtag_uart_init
                0x0000000010110030                altera_avalon_jtag_uart_close
 .text          0x0000000010110098       0xf0 C:/Users/test/Documents/EPFL/MA1/Embedded/Lab4/lab_4_V2/sw/lab4_cam1_bsp/\libhal_bsp.a(altera_avalon_jtag_uart_ioctl.o)
                0x0000000010110098                altera_avalon_jtag_uart_ioctl
 .text          0x0000000010110188      0x21c C:/Users/test/Documents/EPFL/MA1/Embedded/Lab4/lab_4_V2/sw/lab4_cam1_bsp/\libhal_bsp.a(altera_avalon_jtag_uart_read.o)
                0x0000000010110188                altera_avalon_jtag_uart_read
 .text          0x00000000101103a4      0x224 C:/Users/test/Documents/EPFL/MA1/Embedded/Lab4/lab_4_V2/sw/lab4_cam1_bsp/\libhal_bsp.a(altera_avalon_jtag_uart_write.o)
                0x00000000101103a4                altera_avalon_jtag_uart_write
 .text          0x00000000101105c8      0x484 C:/Users/test/Documents/EPFL/MA1/Embedded/Lab4/lab_4_V2/sw/lab4_cam1_bsp/\libhal_bsp.a(altera_hostfs.o)
                0x00000000101105c8                alt_hostfs_open
                0x00000000101106e4                alt_hostfs_close
                0x0000000010110728                alt_hostfs_read
                0x0000000010110794                alt_hostfs_write
                0x0000000010110800                alt_hostfs_seek
                0x0000000010110868                alt_hostfs_fstat
 .text          0x0000000010110a4c      0x12c C:/Users/test/Documents/EPFL/MA1/Embedded/Lab4/lab_4_V2/sw/lab4_cam1_bsp/\libhal_bsp.a(alt_alarm_start.o)
                0x0000000010110a4c                alt_alarm_start
 .text          0x0000000010110b78      0x158 C:/Users/test/Documents/EPFL/MA1/Embedded/Lab4/lab_4_V2/sw/lab4_cam1_bsp/\libhal_bsp.a(alt_busy_sleep.o)
                0x0000000010110b78                alt_busy_sleep
 .text          0x0000000010110cd0       0x48 C:/Users/test/Documents/EPFL/MA1/Embedded/Lab4/lab_4_V2/sw/lab4_cam1_bsp/\libhal_bsp.a(alt_dcache_flush_all.o)
                0x0000000010110cd0                alt_dcache_flush_all
 .text          0x0000000010110d18       0xe0 C:/Users/test/Documents/EPFL/MA1/Embedded/Lab4/lab_4_V2/sw/lab4_cam1_bsp/\libhal_bsp.a(alt_dev_llist_insert.o)
                0x0000000010110d54                alt_dev_llist_insert
 .text          0x0000000010110df8       0x60 C:/Users/test/Documents/EPFL/MA1/Embedded/Lab4/lab_4_V2/sw/lab4_cam1_bsp/\libhal_bsp.a(alt_do_ctors.o)
                0x0000000010110df8                _do_ctors
 .text          0x0000000010110e58       0x60 C:/Users/test/Documents/EPFL/MA1/Embedded/Lab4/lab_4_V2/sw/lab4_cam1_bsp/\libhal_bsp.a(alt_do_dtors.o)
                0x0000000010110e58                _do_dtors
 .text          0x0000000010110eb8       0x90 C:/Users/test/Documents/EPFL/MA1/Embedded/Lab4/lab_4_V2/sw/lab4_cam1_bsp/\libhal_bsp.a(alt_find_dev.o)
                0x0000000010110eb8                alt_find_dev
 .text          0x0000000010110f48      0x108 C:/Users/test/Documents/EPFL/MA1/Embedded/Lab4/lab_4_V2/sw/lab4_cam1_bsp/\libhal_bsp.a(alt_find_file.o)
                0x0000000010110f48                alt_find_file
 .text          0x0000000010111050       0x80 C:/Users/test/Documents/EPFL/MA1/Embedded/Lab4/lab_4_V2/sw/lab4_cam1_bsp/\libhal_bsp.a(alt_fs_reg.o)
                0x0000000010111050                alt_fs_reg
 .text          0x00000000101110d0       0xa4 C:/Users/test/Documents/EPFL/MA1/Embedded/Lab4/lab_4_V2/sw/lab4_cam1_bsp/\libhal_bsp.a(alt_get_fd.o)
                0x00000000101110d0                alt_get_fd
 .text          0x0000000010111174       0x34 C:/Users/test/Documents/EPFL/MA1/Embedded/Lab4/lab_4_V2/sw/lab4_cam1_bsp/\libhal_bsp.a(alt_icache_flush_all.o)
                0x0000000010111174                alt_icache_flush_all
 .text          0x00000000101111a8      0x1b0 C:/Users/test/Documents/EPFL/MA1/Embedded/Lab4/lab_4_V2/sw/lab4_cam1_bsp/\libhal_bsp.a(alt_iic.o)
                0x00000000101111a8                alt_ic_isr_register
                0x00000000101111f8                alt_ic_irq_enable
                0x0000000010111280                alt_ic_irq_disable
                0x000000001011130c                alt_ic_irq_enabled
 .text          0x0000000010111358       0xf0 C:/Users/test/Documents/EPFL/MA1/Embedded/Lab4/lab_4_V2/sw/lab4_cam1_bsp/\libhal_bsp.a(alt_iic_isr_register.o)
                0x0000000010111358                alt_iic_isr_register
 .text          0x0000000010111448      0x140 C:/Users/test/Documents/EPFL/MA1/Embedded/Lab4/lab_4_V2/sw/lab4_cam1_bsp/\libhal_bsp.a(alt_io_redirect.o)
                0x000000001011150c                alt_io_redirect
 .text          0x0000000010111588        0x0 C:/Users/test/Documents/EPFL/MA1/Embedded/Lab4/lab_4_V2/sw/lab4_cam1_bsp/\libhal_bsp.a(alt_irq_entry.o)
 .text          0x0000000010111588        0x0 C:/Users/test/Documents/EPFL/MA1/Embedded/Lab4/lab_4_V2/sw/lab4_cam1_bsp/\libhal_bsp.a(alt_irq_handler.o)
 .text          0x0000000010111588        0x0 C:/Users/test/Documents/EPFL/MA1/Embedded/Lab4/lab_4_V2/sw/lab4_cam1_bsp/\libhal_bsp.a(alt_irq_vars.o)
 .text          0x0000000010111588      0x1a4 C:/Users/test/Documents/EPFL/MA1/Embedded/Lab4/lab_4_V2/sw/lab4_cam1_bsp/\libhal_bsp.a(alt_tick.o)
                0x0000000010111588                alt_alarm_stop
                0x0000000010111624                alt_tick
 .text          0x000000001011172c       0x24 C:/Users/test/Documents/EPFL/MA1/Embedded/Lab4/lab_4_V2/sw/lab4_cam1_bsp/\libhal_bsp.a(altera_nios2_gen2_irq.o)
                0x000000001011172c                altera_nios2_gen2_irq_init
 .text          0x0000000010111750        0x0 C:/Users/test/Documents/EPFL/MA1/Embedded/Lab4/lab_4_V2/sw/lab4_cam1_bsp/\libhal_bsp.a(alt_exception_entry.o)
 .text          0x0000000010111750       0x90 C:/Users/test/Documents/EPFL/MA1/Embedded/Lab4/lab_4_V2/sw/lab4_cam1_bsp/\libhal_bsp.a(alt_icache_flush.o)
                0x0000000010111750                alt_icache_flush
 .text          0x00000000101117e0       0x9c C:/Users/test/Documents/EPFL/MA1/Embedded/Lab4/lab_4_V2/sw/lab4_cam1_bsp/\libhal_bsp.a(alt_instruction_exception_entry.o)
                0x00000000101117e0                alt_exception_cause_generated_bad_addr
 .text          0x000000001011187c        0x0 x:/quartus/18.1/nios2eds/bin/gnu/h-x86_64-mingw32/bin/../lib/gcc/nios2-elf/5.3.0/../../../../../H-x86_64-mingw32/nios2-elf/lib\libc.a(lib_a-atexit.o)
 .text.atexit   0x000000001011187c       0x14 x:/quartus/18.1/nios2eds/bin/gnu/h-x86_64-mingw32/bin/../lib/gcc/nios2-elf/5.3.0/../../../../../H-x86_64-mingw32/nios2-elf/lib\libc.a(lib_a-atexit.o)
                0x000000001011187c                atexit
 .text          0x0000000010111890        0x0 x:/quartus/18.1/nios2eds/bin/gnu/h-x86_64-mingw32/bin/../lib/gcc/nios2-elf/5.3.0/../../../../../H-x86_64-mingw32/nios2-elf/lib\libc.a(lib_a-exit.o)
 .text.exit     0x0000000010111890       0x38 x:/quartus/18.1/nios2eds/bin/gnu/h-x86_64-mingw32/bin/../lib/gcc/nios2-elf/5.3.0/../../../../../H-x86_64-mingw32/nios2-elf/lib\libc.a(lib_a-exit.o)
                0x0000000010111890                exit
 .text          0x00000000101118c8        0x0 x:/quartus/18.1/nios2eds/bin/gnu/h-x86_64-mingw32/bin/../lib/gcc/nios2-elf/5.3.0/../../../../../H-x86_64-mingw32/nios2-elf/lib\libc.a(lib_a-memcmp.o)
 .text.memcmp   0x00000000101118c8       0x7c x:/quartus/18.1/nios2eds/bin/gnu/h-x86_64-mingw32/bin/../lib/gcc/nios2-elf/5.3.0/../../../../../H-x86_64-mingw32/nios2-elf/lib\libc.a(lib_a-memcmp.o)
                0x00000000101118c8                memcmp
 .text          0x0000000010111944        0x0 x:/quartus/18.1/nios2eds/bin/gnu/h-x86_64-mingw32/bin/../lib/gcc/nios2-elf/5.3.0/../../../../../H-x86_64-mingw32/nios2-elf/lib\libc.a(lib_a-__atexit.o)
 .text.__register_exitproc
                0x0000000010111944      0x118 x:/quartus/18.1/nios2eds/bin/gnu/h-x86_64-mingw32/bin/../lib/gcc/nios2-elf/5.3.0/../../../../../H-x86_64-mingw32/nios2-elf/lib\libc.a(lib_a-__atexit.o)
                0x0000000010111944                __register_exitproc
 .text          0x0000000010111a5c        0x0 x:/quartus/18.1/nios2eds/bin/gnu/h-x86_64-mingw32/bin/../lib/gcc/nios2-elf/5.3.0/../../../../../H-x86_64-mingw32/nios2-elf/lib\libc.a(lib_a-__call_atexit.o)
 .text.__call_exitprocs
                0x0000000010111a5c      0x180 x:/quartus/18.1/nios2eds/bin/gnu/h-x86_64-mingw32/bin/../lib/gcc/nios2-elf/5.3.0/../../../../../H-x86_64-mingw32/nios2-elf/lib\libc.a(lib_a-__call_atexit.o)
                0x0000000010111a5c                __call_exitprocs
 .text          0x0000000010111bdc       0x34 C:/Users/test/Documents/EPFL/MA1/Embedded/Lab4/lab_4_V2/sw/lab4_cam1_bsp/\libhal_bsp.a(alt_exit.o)
                0x0000000010111bdc                _exit
 *(.gnu.warning.*)
 *(.fini)
                [!provide]                        PROVIDE (__etext, ABSOLUTE (.))
                [!provide]                        PROVIDE (_etext, ABSOLUTE (.))
                [!provide]                        PROVIDE (etext, ABSOLUTE (.))
 *(.eh_frame_hdr)
                0x0000000010111c10                . = ALIGN (0x4)
                [!provide]                        PROVIDE (__preinit_array_start, ABSOLUTE (.))
 *(.preinit_array)
                [!provide]                        PROVIDE (__preinit_array_end, ABSOLUTE (.))
                [!provide]                        PROVIDE (__init_array_start, ABSOLUTE (.))
 *(.init_array)
                [!provide]                        PROVIDE (__init_array_end, ABSOLUTE (.))
                [!provide]                        PROVIDE (__fini_array_start, ABSOLUTE (.))
 *(.fini_array)
                [!provide]                        PROVIDE (__fini_array_end, ABSOLUTE (.))
 *(.eh_frame)
 *(.gcc_except_table .gcc_except_table.*)
 *(.dynamic)
                0x0000000010111c10                PROVIDE (__CTOR_LIST__, ABSOLUTE (.))
 *(.ctors)
 *(SORT(.ctors.*))
                0x0000000010111c10                PROVIDE (__CTOR_END__, ABSOLUTE (.))
                0x0000000010111c10                PROVIDE (__DTOR_LIST__, ABSOLUTE (.))
 *(.dtors)
 *(SORT(.dtors.*))
                0x0000000010111c10                PROVIDE (__DTOR_END__, ABSOLUTE (.))
 *(.jcr)
                0x0000000010111c10                . = ALIGN (0x4)

.rodata         0x0000000010111c10      0x3a8
                0x0000000010111c10                PROVIDE (__ram_rodata_start, ABSOLUTE (.))
                0x0000000010111c10                . = ALIGN (0x4)
 *(.rodata .rodata.* .gnu.linkonce.r.*)
 .rodata        0x0000000010111c10       0x99 obj/default/hello_world.o
 *fill*         0x0000000010111ca9        0x3 
 .rodata.str1.4
                0x0000000010111cac        0x2 x:/quartus/18.1/nios2eds/bin/gnu/h-x86_64-mingw32/bin/../lib/gcc/nios2-elf/5.3.0/../../../../../H-x86_64-mingw32/nios2-elf/lib\libc.a(lib_a-impure.o)
 *fill*         0x0000000010111cae        0x2 
 .rodata.str1.4
                0x0000000010111cb0        0x2 x:/quartus/18.1/nios2eds/bin/gnu/h-x86_64-mingw32/bin/../lib/gcc/nios2-elf/5.3.0/../../../../../H-x86_64-mingw32/nios2-elf/lib\libc.a(lib_a-puts.o)
 *fill*         0x0000000010111cb2        0x2 
 .rodata.str1.4
                0x0000000010111cb4       0x42 x:/quartus/18.1/nios2eds/bin/gnu/h-x86_64-mingw32/bin/../lib/gcc/nios2-elf/5.3.0/../../../../../H-x86_64-mingw32/nios2-elf/lib\libc.a(lib_a-vfprintf.o)
 .rodata.zeroes.4404
                0x0000000010111cf6       0x10 x:/quartus/18.1/nios2eds/bin/gnu/h-x86_64-mingw32/bin/../lib/gcc/nios2-elf/5.3.0/../../../../../H-x86_64-mingw32/nios2-elf/lib\libc.a(lib_a-vfprintf.o)
 .rodata.blanks.4403
                0x0000000010111d06       0x10 x:/quartus/18.1/nios2eds/bin/gnu/h-x86_64-mingw32/bin/../lib/gcc/nios2-elf/5.3.0/../../../../../H-x86_64-mingw32/nios2-elf/lib\libc.a(lib_a-vfprintf.o)
 *fill*         0x0000000010111d16        0x2 
 .rodata.str1.4
                0x0000000010111d18       0x10 x:/quartus/18.1/nios2eds/bin/gnu/h-x86_64-mingw32/bin/../lib/gcc/nios2-elf/5.3.0/../../../../../H-x86_64-mingw32/nios2-elf/lib\libc.a(lib_a-dtoa.o)
                                         0x12 (size before relaxing)
 .rodata.str1.4
                0x0000000010111d28        0xc x:/quartus/18.1/nios2eds/bin/gnu/h-x86_64-mingw32/bin/../lib/gcc/nios2-elf/5.3.0/../../../../../H-x86_64-mingw32/nios2-elf/lib\libc.a(lib_a-locale.o)
                                         0x12 (size before relaxing)
 .rodata.p05.2768
                0x0000000010111d34        0xc x:/quartus/18.1/nios2eds/bin/gnu/h-x86_64-mingw32/bin/../lib/gcc/nios2-elf/5.3.0/../../../../../H-x86_64-mingw32/nios2-elf/lib\libc.a(lib_a-mprec.o)
 .rodata.__mprec_tinytens
                0x0000000010111d40       0x28 x:/quartus/18.1/nios2eds/bin/gnu/h-x86_64-mingw32/bin/../lib/gcc/nios2-elf/5.3.0/../../../../../H-x86_64-mingw32/nios2-elf/lib\libc.a(lib_a-mprec.o)
                0x0000000010111d40                __mprec_tinytens
 .rodata.__mprec_bigtens
                0x0000000010111d68       0x28 x:/quartus/18.1/nios2eds/bin/gnu/h-x86_64-mingw32/bin/../lib/gcc/nios2-elf/5.3.0/../../../../../H-x86_64-mingw32/nios2-elf/lib\libc.a(lib_a-mprec.o)
                0x0000000010111d68                __mprec_bigtens
 .rodata.__mprec_tens
                0x0000000010111d90       0xc8 x:/quartus/18.1/nios2eds/bin/gnu/h-x86_64-mingw32/bin/../lib/gcc/nios2-elf/5.3.0/../../../../../H-x86_64-mingw32/nios2-elf/lib\libc.a(lib_a-mprec.o)
                0x0000000010111d90                __mprec_tens
 .rodata.str1.4
                0x0000000010111e58       0x2f x:/quartus/18.1/nios2eds/bin/gnu/h-x86_64-mingw32/bin/../lib/gcc/nios2-elf/5.3.0/../../../../../H-x86_64-mingw32/nios2-elf/lib\libc.a(lib_a-vfiprintf.o)
 .rodata.zeroes.4349
                0x0000000010111e58       0x10 x:/quartus/18.1/nios2eds/bin/gnu/h-x86_64-mingw32/bin/../lib/gcc/nios2-elf/5.3.0/../../../../../H-x86_64-mingw32/nios2-elf/lib\libc.a(lib_a-vfiprintf.o)
 .rodata.blanks.4348
                0x0000000010111e68       0x10 x:/quartus/18.1/nios2eds/bin/gnu/h-x86_64-mingw32/bin/../lib/gcc/nios2-elf/5.3.0/../../../../../H-x86_64-mingw32/nios2-elf/lib\libc.a(lib_a-vfiprintf.o)
 .rodata        0x0000000010111e78      0x100 x:/quartus/18.1/nios2eds/bin/gnu/h-x86_64-mingw32/bin/../lib/gcc/nios2-elf/5.3.0\libgcc.a(_clz.o)
                0x0000000010111e78                __clz_tab
 .rodata        0x0000000010111f78        0xa C:/Users/test/Documents/EPFL/MA1/Embedded/Lab4/lab_4_V2/sw/lab4_cam1_bsp/\libhal_bsp.a(alt_dev.o)
 *fill*         0x0000000010111f82        0x2 
 .rodata        0x0000000010111f84       0x11 C:/Users/test/Documents/EPFL/MA1/Embedded/Lab4/lab_4_V2/sw/lab4_cam1_bsp/\libhal_bsp.a(alt_main.o)
 *fill*         0x0000000010111f95        0x3 
 .rodata        0x0000000010111f98       0x1e C:/Users/test/Documents/EPFL/MA1/Embedded/Lab4/lab_4_V2/sw/lab4_cam1_bsp/\libhal_bsp.a(alt_sys_init.o)
 *(.rodata1)
                0x0000000010111fb8                . = ALIGN (0x4)
 *fill*         0x0000000010111fb6        0x2 
                0x0000000010111fb8                PROVIDE (__ram_rodata_end, ABSOLUTE (.))
                0x0000000010111c10                PROVIDE (__flash_rodata_start, LOADADDR (.rodata))

.rwdata         0x0000000010111fb8     0x1b60 load address 0x0000000010113b18
                0x0000000010111fb8                PROVIDE (__ram_rwdata_start, ABSOLUTE (.))
                0x0000000010111fb8                . = ALIGN (0x4)
 *(.got.plt)
 *(.got)
 *(.data1)
 *(.data .data.* .gnu.linkonce.d.*)
 .data          0x0000000010111fb8        0x0 C:/Users/test/Documents/EPFL/MA1/Embedded/Lab4/lab_4_V2/sw/lab4_cam1_bsp//obj/HAL/src/crt0.o
 .data          0x0000000010111fb8        0x0 obj/default/cmos_sensor_output_generator/cmos_sensor_output_generator.o
 .data          0x0000000010111fb8        0x0 obj/default/hello_world.o
 .data          0x0000000010111fb8        0x0 obj/default/i2c/i2c.o
 .data          0x0000000010111fb8        0x0 x:/quartus/18.1/nios2eds/bin/gnu/h-x86_64-mingw32/bin/../lib/gcc/nios2-elf/5.3.0\libgcc.a(lib2-divmod.o)
 .data          0x0000000010111fb8        0x0 x:/quartus/18.1/nios2eds/bin/gnu/h-x86_64-mingw32/bin/../lib/gcc/nios2-elf/5.3.0/../../../../../H-x86_64-mingw32/nios2-elf/lib\libc.a(lib_a-fclose.o)
 .data          0x0000000010111fb8        0x0 x:/quartus/18.1/nios2eds/bin/gnu/h-x86_64-mingw32/bin/../lib/gcc/nios2-elf/5.3.0/../../../../../H-x86_64-mingw32/nios2-elf/lib\libc.a(lib_a-fflush.o)
 .data          0x0000000010111fb8        0x0 x:/quartus/18.1/nios2eds/bin/gnu/h-x86_64-mingw32/bin/../lib/gcc/nios2-elf/5.3.0/../../../../../H-x86_64-mingw32/nios2-elf/lib\libc.a(lib_a-findfp.o)
 .data          0x0000000010111fb8        0x0 x:/quartus/18.1/nios2eds/bin/gnu/h-x86_64-mingw32/bin/../lib/gcc/nios2-elf/5.3.0/../../../../../H-x86_64-mingw32/nios2-elf/lib\libc.a(lib_a-fopen.o)
 .data          0x0000000010111fb8        0x0 x:/quartus/18.1/nios2eds/bin/gnu/h-x86_64-mingw32/bin/../lib/gcc/nios2-elf/5.3.0/../../../../../H-x86_64-mingw32/nios2-elf/lib\libc.a(lib_a-fprintf.o)
 .data          0x0000000010111fb8        0x0 x:/quartus/18.1/nios2eds/bin/gnu/h-x86_64-mingw32/bin/../lib/gcc/nios2-elf/5.3.0/../../../../../H-x86_64-mingw32/nios2-elf/lib\libc.a(lib_a-fputc.o)
 .data          0x0000000010111fb8        0x0 x:/quartus/18.1/nios2eds/bin/gnu/h-x86_64-mingw32/bin/../lib/gcc/nios2-elf/5.3.0/../../../../../H-x86_64-mingw32/nios2-elf/lib\libc.a(lib_a-freer.o)
 .data          0x0000000010111fb8        0x0 x:/quartus/18.1/nios2eds/bin/gnu/h-x86_64-mingw32/bin/../lib/gcc/nios2-elf/5.3.0/../../../../../H-x86_64-mingw32/nios2-elf/lib\libc.a(lib_a-fseek.o)
 .data          0x0000000010111fb8        0x0 x:/quartus/18.1/nios2eds/bin/gnu/h-x86_64-mingw32/bin/../lib/gcc/nios2-elf/5.3.0/../../../../../H-x86_64-mingw32/nios2-elf/lib\libc.a(lib_a-fseeko.o)
 .data          0x0000000010111fb8        0x0 x:/quartus/18.1/nios2eds/bin/gnu/h-x86_64-mingw32/bin/../lib/gcc/nios2-elf/5.3.0/../../../../../H-x86_64-mingw32/nios2-elf/lib\libc.a(lib_a-fstatr.o)
 .data          0x0000000010111fb8        0x0 x:/quartus/18.1/nios2eds/bin/gnu/h-x86_64-mingw32/bin/../lib/gcc/nios2-elf/5.3.0/../../../../../H-x86_64-mingw32/nios2-elf/lib\libc.a(lib_a-fwalk.o)
 .data          0x0000000010111fb8        0x0 x:/quartus/18.1/nios2eds/bin/gnu/h-x86_64-mingw32/bin/../lib/gcc/nios2-elf/5.3.0/../../../../../H-x86_64-mingw32/nios2-elf/lib\libc.a(lib_a-impure.o)
 .data.impure_data
                0x0000000010111fb8      0x424 x:/quartus/18.1/nios2eds/bin/gnu/h-x86_64-mingw32/bin/../lib/gcc/nios2-elf/5.3.0/../../../../../H-x86_64-mingw32/nios2-elf/lib\libc.a(lib_a-impure.o)
 .data          0x00000000101123dc        0x0 x:/quartus/18.1/nios2eds/bin/gnu/h-x86_64-mingw32/bin/../lib/gcc/nios2-elf/5.3.0/../../../../../H-x86_64-mingw32/nios2-elf/lib\libc.a(lib_a-int_errno.o)
 .data          0x00000000101123dc        0x0 x:/quartus/18.1/nios2eds/bin/gnu/h-x86_64-mingw32/bin/../lib/gcc/nios2-elf/5.3.0/../../../../../H-x86_64-mingw32/nios2-elf/lib\libc.a(lib_a-makebuf.o)
 .data          0x00000000101123dc        0x0 x:/quartus/18.1/nios2eds/bin/gnu/h-x86_64-mingw32/bin/../lib/gcc/nios2-elf/5.3.0/../../../../../H-x86_64-mingw32/nios2-elf/lib\libc.a(lib_a-mallocr.o)
 .data.__malloc_av_
                0x00000000101123dc      0x408 x:/quartus/18.1/nios2eds/bin/gnu/h-x86_64-mingw32/bin/../lib/gcc/nios2-elf/5.3.0/../../../../../H-x86_64-mingw32/nios2-elf/lib\libc.a(lib_a-mallocr.o)
                0x00000000101123dc                __malloc_av_
 .data          0x00000000101127e4        0x0 x:/quartus/18.1/nios2eds/bin/gnu/h-x86_64-mingw32/bin/../lib/gcc/nios2-elf/5.3.0/../../../../../H-x86_64-mingw32/nios2-elf/lib\libc.a(lib_a-memset.o)
 .data          0x00000000101127e4        0x0 x:/quartus/18.1/nios2eds/bin/gnu/h-x86_64-mingw32/bin/../lib/gcc/nios2-elf/5.3.0/../../../../../H-x86_64-mingw32/nios2-elf/lib\libc.a(lib_a-openr.o)
 .data          0x00000000101127e4        0x0 x:/quartus/18.1/nios2eds/bin/gnu/h-x86_64-mingw32/bin/../lib/gcc/nios2-elf/5.3.0/../../../../../H-x86_64-mingw32/nios2-elf/lib\libc.a(lib_a-printf.o)
 .data          0x00000000101127e4        0x0 x:/quartus/18.1/nios2eds/bin/gnu/h-x86_64-mingw32/bin/../lib/gcc/nios2-elf/5.3.0/../../../../../H-x86_64-mingw32/nios2-elf/lib\libc.a(lib_a-putc.o)
 .data          0x00000000101127e4        0x0 x:/quartus/18.1/nios2eds/bin/gnu/h-x86_64-mingw32/bin/../lib/gcc/nios2-elf/5.3.0/../../../../../H-x86_64-mingw32/nios2-elf/lib\libc.a(lib_a-puts.o)
 .data          0x00000000101127e4        0x0 x:/quartus/18.1/nios2eds/bin/gnu/h-x86_64-mingw32/bin/../lib/gcc/nios2-elf/5.3.0/../../../../../H-x86_64-mingw32/nios2-elf/lib\libc.a(lib_a-refill.o)
 .data          0x00000000101127e4        0x0 x:/quartus/18.1/nios2eds/bin/gnu/h-x86_64-mingw32/bin/../lib/gcc/nios2-elf/5.3.0/../../../../../H-x86_64-mingw32/nios2-elf/lib\libc.a(lib_a-rewind.o)
 .data          0x00000000101127e4        0x0 x:/quartus/18.1/nios2eds/bin/gnu/h-x86_64-mingw32/bin/../lib/gcc/nios2-elf/5.3.0/../../../../../H-x86_64-mingw32/nios2-elf/lib\libc.a(lib_a-sbrkr.o)
 .data          0x00000000101127e4        0x0 x:/quartus/18.1/nios2eds/bin/gnu/h-x86_64-mingw32/bin/../lib/gcc/nios2-elf/5.3.0/../../../../../H-x86_64-mingw32/nios2-elf/lib\libc.a(lib_a-stdio.o)
 .data          0x00000000101127e4        0x0 x:/quartus/18.1/nios2eds/bin/gnu/h-x86_64-mingw32/bin/../lib/gcc/nios2-elf/5.3.0/../../../../../H-x86_64-mingw32/nios2-elf/lib\libc.a(lib_a-strlen.o)
 .data          0x00000000101127e4        0x0 x:/quartus/18.1/nios2eds/bin/gnu/h-x86_64-mingw32/bin/../lib/gcc/nios2-elf/5.3.0/../../../../../H-x86_64-mingw32/nios2-elf/lib\libc.a(lib_a-vfprintf.o)
 .data          0x00000000101127e4        0x0 x:/quartus/18.1/nios2eds/bin/gnu/h-x86_64-mingw32/bin/../lib/gcc/nios2-elf/5.3.0/../../../../../H-x86_64-mingw32/nios2-elf/lib\libc.a(lib_a-wbuf.o)
 .data          0x00000000101127e4        0x0 x:/quartus/18.1/nios2eds/bin/gnu/h-x86_64-mingw32/bin/../lib/gcc/nios2-elf/5.3.0/../../../../../H-x86_64-mingw32/nios2-elf/lib\libc.a(lib_a-writer.o)
 .data          0x00000000101127e4        0x0 x:/quartus/18.1/nios2eds/bin/gnu/h-x86_64-mingw32/bin/../lib/gcc/nios2-elf/5.3.0/../../../../../H-x86_64-mingw32/nios2-elf/lib\libc.a(lib_a-wsetup.o)
 .data          0x00000000101127e4        0x0 x:/quartus/18.1/nios2eds/bin/gnu/h-x86_64-mingw32/bin/../lib/gcc/nios2-elf/5.3.0/../../../../../H-x86_64-mingw32/nios2-elf/lib\libc.a(closer.o)
 .data          0x00000000101127e4        0x0 x:/quartus/18.1/nios2eds/bin/gnu/h-x86_64-mingw32/bin/../lib/gcc/nios2-elf/5.3.0/../../../../../H-x86_64-mingw32/nios2-elf/lib\libc.a(lib_a-dtoa.o)
 .data          0x00000000101127e4        0x0 x:/quartus/18.1/nios2eds/bin/gnu/h-x86_64-mingw32/bin/../lib/gcc/nios2-elf/5.3.0/../../../../../H-x86_64-mingw32/nios2-elf/lib\libc.a(lib_a-flags.o)
 .data          0x00000000101127e4        0x0 x:/quartus/18.1/nios2eds/bin/gnu/h-x86_64-mingw32/bin/../lib/gcc/nios2-elf/5.3.0/../../../../../H-x86_64-mingw32/nios2-elf/lib\libc.a(lib_a-fvwrite.o)
 .data          0x00000000101127e4        0x0 x:/quartus/18.1/nios2eds/bin/gnu/h-x86_64-mingw32/bin/../lib/gcc/nios2-elf/5.3.0/../../../../../H-x86_64-mingw32/nios2-elf/lib\libc.a(lib_a-isattyr.o)
 .data          0x00000000101127e4        0x0 x:/quartus/18.1/nios2eds/bin/gnu/h-x86_64-mingw32/bin/../lib/gcc/nios2-elf/5.3.0/../../../../../H-x86_64-mingw32/nios2-elf/lib\libc.a(lib_a-locale.o)
 .data.lc_message_charset
                0x00000000101127e4       0x20 x:/quartus/18.1/nios2eds/bin/gnu/h-x86_64-mingw32/bin/../lib/gcc/nios2-elf/5.3.0/../../../../../H-x86_64-mingw32/nios2-elf/lib\libc.a(lib_a-locale.o)
 .data.lc_ctype_charset
                0x0000000010112804       0x20 x:/quartus/18.1/nios2eds/bin/gnu/h-x86_64-mingw32/bin/../lib/gcc/nios2-elf/5.3.0/../../../../../H-x86_64-mingw32/nios2-elf/lib\libc.a(lib_a-locale.o)
 .data.lconv    0x0000000010112824       0x38 x:/quartus/18.1/nios2eds/bin/gnu/h-x86_64-mingw32/bin/../lib/gcc/nios2-elf/5.3.0/../../../../../H-x86_64-mingw32/nios2-elf/lib\libc.a(lib_a-locale.o)
 .data          0x000000001011285c        0x0 x:/quartus/18.1/nios2eds/bin/gnu/h-x86_64-mingw32/bin/../lib/gcc/nios2-elf/5.3.0/../../../../../H-x86_64-mingw32/nios2-elf/lib\libc.a(lib_a-lseekr.o)
 .data          0x000000001011285c        0x0 x:/quartus/18.1/nios2eds/bin/gnu/h-x86_64-mingw32/bin/../lib/gcc/nios2-elf/5.3.0/../../../../../H-x86_64-mingw32/nios2-elf/lib\libc.a(lib_a-memchr.o)
 .data          0x000000001011285c        0x0 x:/quartus/18.1/nios2eds/bin/gnu/h-x86_64-mingw32/bin/../lib/gcc/nios2-elf/5.3.0/../../../../../H-x86_64-mingw32/nios2-elf/lib\libc.a(lib_a-memcpy.o)
 .data          0x000000001011285c        0x0 x:/quartus/18.1/nios2eds/bin/gnu/h-x86_64-mingw32/bin/../lib/gcc/nios2-elf/5.3.0/../../../../../H-x86_64-mingw32/nios2-elf/lib\libc.a(lib_a-memmove.o)
 .data          0x000000001011285c        0x0 x:/quartus/18.1/nios2eds/bin/gnu/h-x86_64-mingw32/bin/../lib/gcc/nios2-elf/5.3.0/../../../../../H-x86_64-mingw32/nios2-elf/lib\libc.a(lib_a-mprec.o)
 .data          0x000000001011285c        0x0 x:/quartus/18.1/nios2eds/bin/gnu/h-x86_64-mingw32/bin/../lib/gcc/nios2-elf/5.3.0/../../../../../H-x86_64-mingw32/nios2-elf/lib\libc.a(lib_a-readr.o)
 .data          0x000000001011285c        0x0 x:/quartus/18.1/nios2eds/bin/gnu/h-x86_64-mingw32/bin/../lib/gcc/nios2-elf/5.3.0/../../../../../H-x86_64-mingw32/nios2-elf/lib\libc.a(lib_a-reallocr.o)
 .data          0x000000001011285c        0x0 x:/quartus/18.1/nios2eds/bin/gnu/h-x86_64-mingw32/bin/../lib/gcc/nios2-elf/5.3.0/../../../../../H-x86_64-mingw32/nios2-elf/lib\libc.a(lib_a-s_fpclassify.o)
 .data          0x000000001011285c        0x0 x:/quartus/18.1/nios2eds/bin/gnu/h-x86_64-mingw32/bin/../lib/gcc/nios2-elf/5.3.0/../../../../../H-x86_64-mingw32/nios2-elf/lib\libc.a(lib_a-strcmp.o)
 .data          0x000000001011285c        0x0 x:/quartus/18.1/nios2eds/bin/gnu/h-x86_64-mingw32/bin/../lib/gcc/nios2-elf/5.3.0/../../../../../H-x86_64-mingw32/nios2-elf/lib\libc.a(lib_a-vfiprintf.o)
 .data          0x000000001011285c        0x0 x:/quartus/18.1/nios2eds/bin/gnu/h-x86_64-mingw32/bin/../lib/gcc/nios2-elf/5.3.0/../../../../../H-x86_64-mingw32/nios2-elf/lib\libc.a(lib_a-callocr.o)
 .data          0x000000001011285c        0x0 x:/quartus/18.1/nios2eds/bin/gnu/h-x86_64-mingw32/bin/../lib/gcc/nios2-elf/5.3.0/../../../../../H-x86_64-mingw32/nios2-elf/lib\libc.a(lib_a-fputwc.o)
 .data          0x000000001011285c        0x0 x:/quartus/18.1/nios2eds/bin/gnu/h-x86_64-mingw32/bin/../lib/gcc/nios2-elf/5.3.0/../../../../../H-x86_64-mingw32/nios2-elf/lib\libc.a(lib_a-wcrtomb.o)
 .data          0x000000001011285c        0x0 x:/quartus/18.1/nios2eds/bin/gnu/h-x86_64-mingw32/bin/../lib/gcc/nios2-elf/5.3.0/../../../../../H-x86_64-mingw32/nios2-elf/lib\libc.a(lib_a-wctomb_r.o)
 .data          0x000000001011285c        0x0 x:/quartus/18.1/nios2eds/bin/gnu/h-x86_64-mingw32/bin/../lib/gcc/nios2-elf/5.3.0\libgcc.a(_udivdi3.o)
 .data          0x000000001011285c        0x0 x:/quartus/18.1/nios2eds/bin/gnu/h-x86_64-mingw32/bin/../lib/gcc/nios2-elf/5.3.0\libgcc.a(_umoddi3.o)
 .data          0x000000001011285c        0x0 x:/quartus/18.1/nios2eds/bin/gnu/h-x86_64-mingw32/bin/../lib/gcc/nios2-elf/5.3.0\libgcc.a(adddf3.o)
 .data          0x000000001011285c        0x0 x:/quartus/18.1/nios2eds/bin/gnu/h-x86_64-mingw32/bin/../lib/gcc/nios2-elf/5.3.0\libgcc.a(divdf3.o)
 .data          0x000000001011285c        0x0 x:/quartus/18.1/nios2eds/bin/gnu/h-x86_64-mingw32/bin/../lib/gcc/nios2-elf/5.3.0\libgcc.a(eqdf2.o)
 .data          0x000000001011285c        0x0 x:/quartus/18.1/nios2eds/bin/gnu/h-x86_64-mingw32/bin/../lib/gcc/nios2-elf/5.3.0\libgcc.a(gedf2.o)
 .data          0x000000001011285c        0x0 x:/quartus/18.1/nios2eds/bin/gnu/h-x86_64-mingw32/bin/../lib/gcc/nios2-elf/5.3.0\libgcc.a(ledf2.o)
 .data          0x000000001011285c        0x0 x:/quartus/18.1/nios2eds/bin/gnu/h-x86_64-mingw32/bin/../lib/gcc/nios2-elf/5.3.0\libgcc.a(muldf3.o)
 .data          0x000000001011285c        0x0 x:/quartus/18.1/nios2eds/bin/gnu/h-x86_64-mingw32/bin/../lib/gcc/nios2-elf/5.3.0\libgcc.a(subdf3.o)
 .data          0x000000001011285c        0x0 x:/quartus/18.1/nios2eds/bin/gnu/h-x86_64-mingw32/bin/../lib/gcc/nios2-elf/5.3.0\libgcc.a(fixdfsi.o)
 .data          0x000000001011285c        0x0 x:/quartus/18.1/nios2eds/bin/gnu/h-x86_64-mingw32/bin/../lib/gcc/nios2-elf/5.3.0\libgcc.a(floatsidf.o)
 .data          0x000000001011285c        0x0 x:/quartus/18.1/nios2eds/bin/gnu/h-x86_64-mingw32/bin/../lib/gcc/nios2-elf/5.3.0\libgcc.a(floatunsidf.o)
 .data          0x000000001011285c        0x0 x:/quartus/18.1/nios2eds/bin/gnu/h-x86_64-mingw32/bin/../lib/gcc/nios2-elf/5.3.0\libgcc.a(_clz.o)
 .data          0x000000001011285c        0x0 x:/quartus/18.1/nios2eds/bin/gnu/h-x86_64-mingw32/bin/../lib/gcc/nios2-elf/5.3.0\libgcc.a(_clzsi2.o)
 .data          0x000000001011285c        0x0 C:/Users/test/Documents/EPFL/MA1/Embedded/Lab4/lab_4_V2/sw/lab4_cam1_bsp/\libhal_bsp.a(alt_close.o)
 .data          0x000000001011285c      0x1a8 C:/Users/test/Documents/EPFL/MA1/Embedded/Lab4/lab_4_V2/sw/lab4_cam1_bsp/\libhal_bsp.a(alt_dev.o)
                0x000000001011285c                alt_dev_null
                0x0000000010112884                alt_fd_list
 .data          0x0000000010112a04        0x0 C:/Users/test/Documents/EPFL/MA1/Embedded/Lab4/lab_4_V2/sw/lab4_cam1_bsp/\libhal_bsp.a(alt_errno.o)
 .data          0x0000000010112a04        0x0 C:/Users/test/Documents/EPFL/MA1/Embedded/Lab4/lab_4_V2/sw/lab4_cam1_bsp/\libhal_bsp.a(alt_fstat.o)
 .data          0x0000000010112a04        0x0 C:/Users/test/Documents/EPFL/MA1/Embedded/Lab4/lab_4_V2/sw/lab4_cam1_bsp/\libhal_bsp.a(alt_isatty.o)
 .data          0x0000000010112a04        0x0 C:/Users/test/Documents/EPFL/MA1/Embedded/Lab4/lab_4_V2/sw/lab4_cam1_bsp/\libhal_bsp.a(alt_load.o)
 .data          0x0000000010112a04        0x0 C:/Users/test/Documents/EPFL/MA1/Embedded/Lab4/lab_4_V2/sw/lab4_cam1_bsp/\libhal_bsp.a(alt_lseek.o)
 .data          0x0000000010112a04        0x0 C:/Users/test/Documents/EPFL/MA1/Embedded/Lab4/lab_4_V2/sw/lab4_cam1_bsp/\libhal_bsp.a(alt_main.o)
 .data          0x0000000010112a04        0x0 C:/Users/test/Documents/EPFL/MA1/Embedded/Lab4/lab_4_V2/sw/lab4_cam1_bsp/\libhal_bsp.a(alt_malloc_lock.o)
 .data          0x0000000010112a04        0x0 C:/Users/test/Documents/EPFL/MA1/Embedded/Lab4/lab_4_V2/sw/lab4_cam1_bsp/\libhal_bsp.a(alt_open.o)
 .data          0x0000000010112a04        0x0 C:/Users/test/Documents/EPFL/MA1/Embedded/Lab4/lab_4_V2/sw/lab4_cam1_bsp/\libhal_bsp.a(alt_read.o)
 .data          0x0000000010112a04        0x0 C:/Users/test/Documents/EPFL/MA1/Embedded/Lab4/lab_4_V2/sw/lab4_cam1_bsp/\libhal_bsp.a(alt_release_fd.o)
 .data          0x0000000010112a04        0x0 C:/Users/test/Documents/EPFL/MA1/Embedded/Lab4/lab_4_V2/sw/lab4_cam1_bsp/\libhal_bsp.a(alt_sbrk.o)
 .data          0x0000000010112a04        0x0 C:/Users/test/Documents/EPFL/MA1/Embedded/Lab4/lab_4_V2/sw/lab4_cam1_bsp/\libhal_bsp.a(alt_usleep.o)
 .data          0x0000000010112a04        0x0 C:/Users/test/Documents/EPFL/MA1/Embedded/Lab4/lab_4_V2/sw/lab4_cam1_bsp/\libhal_bsp.a(alt_write.o)
 .data          0x0000000010112a04     0x1088 C:/Users/test/Documents/EPFL/MA1/Embedded/Lab4/lab_4_V2/sw/lab4_cam1_bsp/\libhal_bsp.a(alt_sys_init.o)
 .data          0x0000000010113a8c        0x0 C:/Users/test/Documents/EPFL/MA1/Embedded/Lab4/lab_4_V2/sw/lab4_cam1_bsp/\libhal_bsp.a(altera_avalon_jtag_uart_fd.o)
 .data          0x0000000010113a8c        0x0 C:/Users/test/Documents/EPFL/MA1/Embedded/Lab4/lab_4_V2/sw/lab4_cam1_bsp/\libhal_bsp.a(altera_avalon_jtag_uart_init.o)
 .data          0x0000000010113a8c        0x0 C:/Users/test/Documents/EPFL/MA1/Embedded/Lab4/lab_4_V2/sw/lab4_cam1_bsp/\libhal_bsp.a(altera_avalon_jtag_uart_ioctl.o)
 .data          0x0000000010113a8c        0x0 C:/Users/test/Documents/EPFL/MA1/Embedded/Lab4/lab_4_V2/sw/lab4_cam1_bsp/\libhal_bsp.a(altera_avalon_jtag_uart_read.o)
 .data          0x0000000010113a8c        0x0 C:/Users/test/Documents/EPFL/MA1/Embedded/Lab4/lab_4_V2/sw/lab4_cam1_bsp/\libhal_bsp.a(altera_avalon_jtag_uart_write.o)
 .data          0x0000000010113a8c        0x0 C:/Users/test/Documents/EPFL/MA1/Embedded/Lab4/lab_4_V2/sw/lab4_cam1_bsp/\libhal_bsp.a(altera_hostfs.o)
 .data          0x0000000010113a8c        0x0 C:/Users/test/Documents/EPFL/MA1/Embedded/Lab4/lab_4_V2/sw/lab4_cam1_bsp/\libhal_bsp.a(alt_alarm_start.o)
 .data          0x0000000010113a8c        0x0 C:/Users/test/Documents/EPFL/MA1/Embedded/Lab4/lab_4_V2/sw/lab4_cam1_bsp/\libhal_bsp.a(alt_busy_sleep.o)
 .data          0x0000000010113a8c        0x0 C:/Users/test/Documents/EPFL/MA1/Embedded/Lab4/lab_4_V2/sw/lab4_cam1_bsp/\libhal_bsp.a(alt_dcache_flush_all.o)
 .data          0x0000000010113a8c        0x0 C:/Users/test/Documents/EPFL/MA1/Embedded/Lab4/lab_4_V2/sw/lab4_cam1_bsp/\libhal_bsp.a(alt_dev_llist_insert.o)
 .data          0x0000000010113a8c        0x0 C:/Users/test/Documents/EPFL/MA1/Embedded/Lab4/lab_4_V2/sw/lab4_cam1_bsp/\libhal_bsp.a(alt_do_ctors.o)
 .data          0x0000000010113a8c        0x0 C:/Users/test/Documents/EPFL/MA1/Embedded/Lab4/lab_4_V2/sw/lab4_cam1_bsp/\libhal_bsp.a(alt_do_dtors.o)
 .data          0x0000000010113a8c        0x0 C:/Users/test/Documents/EPFL/MA1/Embedded/Lab4/lab_4_V2/sw/lab4_cam1_bsp/\libhal_bsp.a(alt_find_dev.o)
 .data          0x0000000010113a8c        0x0 C:/Users/test/Documents/EPFL/MA1/Embedded/Lab4/lab_4_V2/sw/lab4_cam1_bsp/\libhal_bsp.a(alt_find_file.o)
 .data          0x0000000010113a8c        0x0 C:/Users/test/Documents/EPFL/MA1/Embedded/Lab4/lab_4_V2/sw/lab4_cam1_bsp/\libhal_bsp.a(alt_fs_reg.o)
 .data          0x0000000010113a8c        0x0 C:/Users/test/Documents/EPFL/MA1/Embedded/Lab4/lab_4_V2/sw/lab4_cam1_bsp/\libhal_bsp.a(alt_get_fd.o)
 .data          0x0000000010113a8c        0x0 C:/Users/test/Documents/EPFL/MA1/Embedded/Lab4/lab_4_V2/sw/lab4_cam1_bsp/\libhal_bsp.a(alt_icache_flush_all.o)
 .data          0x0000000010113a8c        0x0 C:/Users/test/Documents/EPFL/MA1/Embedded/Lab4/lab_4_V2/sw/lab4_cam1_bsp/\libhal_bsp.a(alt_iic.o)
 .data          0x0000000010113a8c        0x0 C:/Users/test/Documents/EPFL/MA1/Embedded/Lab4/lab_4_V2/sw/lab4_cam1_bsp/\libhal_bsp.a(alt_iic_isr_register.o)
 .data          0x0000000010113a8c        0x0 C:/Users/test/Documents/EPFL/MA1/Embedded/Lab4/lab_4_V2/sw/lab4_cam1_bsp/\libhal_bsp.a(alt_io_redirect.o)
 .data          0x0000000010113a8c        0x0 C:/Users/test/Documents/EPFL/MA1/Embedded/Lab4/lab_4_V2/sw/lab4_cam1_bsp/\libhal_bsp.a(alt_irq_entry.o)
 .data          0x0000000010113a8c        0x0 C:/Users/test/Documents/EPFL/MA1/Embedded/Lab4/lab_4_V2/sw/lab4_cam1_bsp/\libhal_bsp.a(alt_irq_handler.o)
 .data          0x0000000010113a8c        0x0 C:/Users/test/Documents/EPFL/MA1/Embedded/Lab4/lab_4_V2/sw/lab4_cam1_bsp/\libhal_bsp.a(alt_irq_vars.o)
 .data          0x0000000010113a8c        0x0 C:/Users/test/Documents/EPFL/MA1/Embedded/Lab4/lab_4_V2/sw/lab4_cam1_bsp/\libhal_bsp.a(alt_tick.o)
 .data          0x0000000010113a8c        0x0 C:/Users/test/Documents/EPFL/MA1/Embedded/Lab4/lab_4_V2/sw/lab4_cam1_bsp/\libhal_bsp.a(altera_nios2_gen2_irq.o)
 .data          0x0000000010113a8c        0x0 C:/Users/test/Documents/EPFL/MA1/Embedded/Lab4/lab_4_V2/sw/lab4_cam1_bsp/\libhal_bsp.a(alt_exception_entry.o)
 .data          0x0000000010113a8c        0x0 C:/Users/test/Documents/EPFL/MA1/Embedded/Lab4/lab_4_V2/sw/lab4_cam1_bsp/\libhal_bsp.a(alt_icache_flush.o)
 .data          0x0000000010113a8c        0x0 C:/Users/test/Documents/EPFL/MA1/Embedded/Lab4/lab_4_V2/sw/lab4_cam1_bsp/\libhal_bsp.a(alt_instruction_exception_entry.o)
 .data          0x0000000010113a8c        0x0 x:/quartus/18.1/nios2eds/bin/gnu/h-x86_64-mingw32/bin/../lib/gcc/nios2-elf/5.3.0/../../../../../H-x86_64-mingw32/nios2-elf/lib\libc.a(lib_a-atexit.o)
 .data          0x0000000010113a8c        0x0 x:/quartus/18.1/nios2eds/bin/gnu/h-x86_64-mingw32/bin/../lib/gcc/nios2-elf/5.3.0/../../../../../H-x86_64-mingw32/nios2-elf/lib\libc.a(lib_a-exit.o)
 .data          0x0000000010113a8c        0x0 x:/quartus/18.1/nios2eds/bin/gnu/h-x86_64-mingw32/bin/../lib/gcc/nios2-elf/5.3.0/../../../../../H-x86_64-mingw32/nios2-elf/lib\libc.a(lib_a-memcmp.o)
 .data          0x0000000010113a8c        0x0 x:/quartus/18.1/nios2eds/bin/gnu/h-x86_64-mingw32/bin/../lib/gcc/nios2-elf/5.3.0/../../../../../H-x86_64-mingw32/nios2-elf/lib\libc.a(lib_a-__atexit.o)
 .data          0x0000000010113a8c        0x0 x:/quartus/18.1/nios2eds/bin/gnu/h-x86_64-mingw32/bin/../lib/gcc/nios2-elf/5.3.0/../../../../../H-x86_64-mingw32/nios2-elf/lib\libc.a(lib_a-__call_atexit.o)
 .data          0x0000000010113a8c        0x0 C:/Users/test/Documents/EPFL/MA1/Embedded/Lab4/lab_4_V2/sw/lab4_cam1_bsp/\libhal_bsp.a(alt_exit.o)
                0x000000001011ba8c                _gp = ABSOLUTE ((. + 0x8000))
                [!provide]                        PROVIDE (gp, _gp)
 *(.rwdata .rwdata.*)
 *(.sdata .sdata.* .gnu.linkonce.s.*)
 .sdata         0x0000000010113a8c        0x4 obj/default/hello_world.o
                0x0000000010113a8c                filename
 .sdata._global_impure_ptr
                0x0000000010113a90        0x4 x:/quartus/18.1/nios2eds/bin/gnu/h-x86_64-mingw32/bin/../lib/gcc/nios2-elf/5.3.0/../../../../../H-x86_64-mingw32/nios2-elf/lib\libc.a(lib_a-impure.o)
                0x0000000010113a90                _global_impure_ptr
 .sdata._impure_ptr
                0x0000000010113a94        0x4 x:/quartus/18.1/nios2eds/bin/gnu/h-x86_64-mingw32/bin/../lib/gcc/nios2-elf/5.3.0/../../../../../H-x86_64-mingw32/nios2-elf/lib\libc.a(lib_a-impure.o)
                0x0000000010113a94                _impure_ptr
 .sdata.__malloc_sbrk_base
                0x0000000010113a98        0x4 x:/quartus/18.1/nios2eds/bin/gnu/h-x86_64-mingw32/bin/../lib/gcc/nios2-elf/5.3.0/../../../../../H-x86_64-mingw32/nios2-elf/lib\libc.a(lib_a-mallocr.o)
                0x0000000010113a98                __malloc_sbrk_base
 .sdata.__malloc_trim_threshold
                0x0000000010113a9c        0x4 x:/quartus/18.1/nios2eds/bin/gnu/h-x86_64-mingw32/bin/../lib/gcc/nios2-elf/5.3.0/../../../../../H-x86_64-mingw32/nios2-elf/lib\libc.a(lib_a-mallocr.o)
                0x0000000010113a9c                __malloc_trim_threshold
 .sdata.__mb_cur_max
                0x0000000010113aa0        0x4 x:/quartus/18.1/nios2eds/bin/gnu/h-x86_64-mingw32/bin/../lib/gcc/nios2-elf/5.3.0/../../../../../H-x86_64-mingw32/nios2-elf/lib\libc.a(lib_a-locale.o)
                0x0000000010113aa0                __mb_cur_max
 .sdata.__wctomb
                0x0000000010113aa4        0x4 x:/quartus/18.1/nios2eds/bin/gnu/h-x86_64-mingw32/bin/../lib/gcc/nios2-elf/5.3.0/../../../../../H-x86_64-mingw32/nios2-elf/lib\libc.a(lib_a-wctomb_r.o)
                0x0000000010113aa4                __wctomb